[0.057s] Invoking command in '/home/aidan/GitHub/AidansRepo/TeensySwerve/build/tnsy_interfaces': CMAKE_PREFIX_PATH=${CMAKE_PREFIX_PATH}:/home/aidan/GitHub/AidansRepo/TeensySwerve/install/tnsy_swrv_controller:/opt/ros/humble /usr/bin/cmake --build /home/aidan/GitHub/AidansRepo/TeensySwerve/build/tnsy_interfaces -- -j4 -l4
[0.176s] [  3%] Built target tnsy_interfaces__cpp
[0.256s] [  3%] Built target ament_cmake_python_copy_tnsy_interfaces
[0.337s] [ 12%] Built target tnsy_interfaces__rosidl_typesupport_introspection_cpp
[0.406s] [ 22%] Built target tnsy_interfaces__rosidl_typesupport_cpp
[1.453s] running egg_info
[1.455s] writing tnsy_interfaces.egg-info/PKG-INFO
[1.460s] writing dependency_links to tnsy_interfaces.egg-info/dependency_links.txt
[1.461s] writing top-level names to tnsy_interfaces.egg-info/top_level.txt
[1.467s] reading manifest file 'tnsy_interfaces.egg-info/SOURCES.txt'
[1.469s] writing manifest file 'tnsy_interfaces.egg-info/SOURCES.txt'
[1.584s] [ 22%] Built target ament_cmake_python_build_tnsy_interfaces_egg
[1.655s] [ 32%] Built target tnsy_interfaces__rosidl_typesupport_fastrtps_cpp
[1.727s] [ 41%] Built target tnsy_interfaces__rosidl_generator_c
[1.808s] [ 51%] Built target tnsy_interfaces__rosidl_typesupport_fastrtps_c
[1.871s] [ 61%] Built target tnsy_interfaces__rosidl_typesupport_c
[1.946s] [ 70%] Built target tnsy_interfaces__rosidl_typesupport_introspection_c
[2.017s] [ 70%] Built target tnsy_interfaces
[2.099s] [ 74%] Built target tnsy_interfaces__py
[2.161s] [ 80%] Built target tnsy_interfaces__rosidl_generator_py
[2.229s] [ 87%] Built target tnsy_interfaces__rosidl_typesupport_fastrtps_c__pyext
[2.297s] [ 93%] Built target tnsy_interfaces__rosidl_typesupport_c__pyext
[2.376s] [100%] Built target tnsy_interfaces__rosidl_typesupport_introspection_c__pyext
[2.410s] Invoked command in '/home/aidan/GitHub/AidansRepo/TeensySwerve/build/tnsy_interfaces' returned '0': CMAKE_PREFIX_PATH=${CMAKE_PREFIX_PATH}:/home/aidan/GitHub/AidansRepo/TeensySwerve/install/tnsy_swrv_controller:/opt/ros/humble /usr/bin/cmake --build /home/aidan/GitHub/AidansRepo/TeensySwerve/build/tnsy_interfaces -- -j4 -l4
[2.604s] Invoking command in '/home/aidan/GitHub/AidansRepo/TeensySwerve/build/tnsy_interfaces': CMAKE_PREFIX_PATH=${CMAKE_PREFIX_PATH}:/home/aidan/GitHub/AidansRepo/TeensySwerve/install/tnsy_swrv_controller:/opt/ros/humble /usr/bin/cmake --install /home/aidan/GitHub/AidansRepo/TeensySwerve/build/tnsy_interfaces
[2.630s] -- Install configuration: ""
[2.631s] -- Up-to-date: /home/aidan/GitHub/AidansRepo/TeensySwerve/install/tnsy_interfaces/share/ament_index/resource_index/rosidl_interfaces/tnsy_interfaces
[2.631s] -- Up-to-date: /home/aidan/GitHub/AidansRepo/TeensySwerve/install/tnsy_interfaces/include/tnsy_interfaces/tnsy_interfaces
[2.632s] -- Up-to-date: /home/aidan/GitHub/AidansRepo/TeensySwerve/install/tnsy_interfaces/include/tnsy_interfaces/tnsy_interfaces/msg
[2.632s] -- Up-to-date: /home/aidan/GitHub/AidansRepo/TeensySwerve/install/tnsy_interfaces/include/tnsy_interfaces/tnsy_interfaces/msg/tnsy_controller.h
[2.638s] -- Up-to-date: /home/aidan/GitHub/AidansRepo/TeensySwerve/install/tnsy_interfaces/include/tnsy_interfaces/tnsy_interfaces/msg/rosidl_generator_c__visibility_control.h
[2.639s] -- Up-to-date: /home/aidan/GitHub/AidansRepo/TeensySwerve/install/tnsy_interfaces/include/tnsy_interfaces/tnsy_interfaces/msg/detail
[2.639s] -- Up-to-date: /home/aidan/GitHub/AidansRepo/TeensySwerve/install/tnsy_interfaces/include/tnsy_interfaces/tnsy_interfaces/msg/detail/tnsy_controller__struct.h
[2.641s] -- Up-to-date: /home/aidan/GitHub/AidansRepo/TeensySwerve/install/tnsy_interfaces/include/tnsy_interfaces/tnsy_interfaces/msg/detail/tnsy_controller__functions.h
[2.642s] -- Up-to-date: /home/aidan/GitHub/AidansRepo/TeensySwerve/install/tnsy_interfaces/include/tnsy_interfaces/tnsy_interfaces/msg/detail/tnsy_controller__functions.c
[2.643s] -- Up-to-date: /home/aidan/GitHub/AidansRepo/TeensySwerve/install/tnsy_interfaces/include/tnsy_interfaces/tnsy_interfaces/msg/detail/tnsy_controller__type_support.h
[2.643s] -- Up-to-date: /home/aidan/GitHub/AidansRepo/TeensySwerve/install/tnsy_interfaces/share/tnsy_interfaces/environment/library_path.sh
[2.644s] -- Up-to-date: /home/aidan/GitHub/AidansRepo/TeensySwerve/install/tnsy_interfaces/share/tnsy_interfaces/environment/library_path.dsv
[2.644s] -- Up-to-date: /home/aidan/GitHub/AidansRepo/TeensySwerve/install/tnsy_interfaces/lib/libtnsy_interfaces__rosidl_generator_c.so
[2.644s] -- Up-to-date: /home/aidan/GitHub/AidansRepo/TeensySwerve/install/tnsy_interfaces/include/tnsy_interfaces/tnsy_interfaces
[2.645s] -- Up-to-date: /home/aidan/GitHub/AidansRepo/TeensySwerve/install/tnsy_interfaces/include/tnsy_interfaces/tnsy_interfaces/msg
[2.645s] -- Up-to-date: /home/aidan/GitHub/AidansRepo/TeensySwerve/install/tnsy_interfaces/include/tnsy_interfaces/tnsy_interfaces/msg/rosidl_typesupport_fastrtps_c__visibility_control.h
[2.645s] -- Up-to-date: /home/aidan/GitHub/AidansRepo/TeensySwerve/install/tnsy_interfaces/include/tnsy_interfaces/tnsy_interfaces/msg/detail
[2.646s] -- Up-to-date: /home/aidan/GitHub/AidansRepo/TeensySwerve/install/tnsy_interfaces/include/tnsy_interfaces/tnsy_interfaces/msg/detail/tnsy_controller__rosidl_typesupport_fastrtps_c.h
[2.646s] -- Up-to-date: /home/aidan/GitHub/AidansRepo/TeensySwerve/install/tnsy_interfaces/lib/libtnsy_interfaces__rosidl_typesupport_fastrtps_c.so
[2.646s] -- Up-to-date: /home/aidan/GitHub/AidansRepo/TeensySwerve/install/tnsy_interfaces/include/tnsy_interfaces/tnsy_interfaces
[2.647s] -- Up-to-date: /home/aidan/GitHub/AidansRepo/TeensySwerve/install/tnsy_interfaces/include/tnsy_interfaces/tnsy_interfaces/msg
[2.647s] -- Up-to-date: /home/aidan/GitHub/AidansRepo/TeensySwerve/install/tnsy_interfaces/include/tnsy_interfaces/tnsy_interfaces/msg/detail
[2.647s] -- Up-to-date: /home/aidan/GitHub/AidansRepo/TeensySwerve/install/tnsy_interfaces/include/tnsy_interfaces/tnsy_interfaces/msg/detail/tnsy_controller__rosidl_typesupport_introspection_c.h
[2.648s] -- Up-to-date: /home/aidan/GitHub/AidansRepo/TeensySwerve/install/tnsy_interfaces/include/tnsy_interfaces/tnsy_interfaces/msg/detail/tnsy_controller__type_support.c
[2.648s] -- Up-to-date: /home/aidan/GitHub/AidansRepo/TeensySwerve/install/tnsy_interfaces/include/tnsy_interfaces/tnsy_interfaces/msg/rosidl_typesupport_introspection_c__visibility_control.h
[2.648s] -- Up-to-date: /home/aidan/GitHub/AidansRepo/TeensySwerve/install/tnsy_interfaces/lib/libtnsy_interfaces__rosidl_typesupport_introspection_c.so
[2.649s] -- Up-to-date: /home/aidan/GitHub/AidansRepo/TeensySwerve/install/tnsy_interfaces/lib/libtnsy_interfaces__rosidl_typesupport_c.so
[2.649s] -- Up-to-date: /home/aidan/GitHub/AidansRepo/TeensySwerve/install/tnsy_interfaces/include/tnsy_interfaces/tnsy_interfaces
[2.649s] -- Up-to-date: /home/aidan/GitHub/AidansRepo/TeensySwerve/install/tnsy_interfaces/include/tnsy_interfaces/tnsy_interfaces/msg
[2.649s] -- Up-to-date: /home/aidan/GitHub/AidansRepo/TeensySwerve/install/tnsy_interfaces/include/tnsy_interfaces/tnsy_interfaces/msg/tnsy_controller.hpp
[2.650s] -- Up-to-date: /home/aidan/GitHub/AidansRepo/TeensySwerve/install/tnsy_interfaces/include/tnsy_interfaces/tnsy_interfaces/msg/detail
[2.650s] -- Up-to-date: /home/aidan/GitHub/AidansRepo/TeensySwerve/install/tnsy_interfaces/include/tnsy_interfaces/tnsy_interfaces/msg/detail/tnsy_controller__traits.hpp
[2.650s] -- Up-to-date: /home/aidan/GitHub/AidansRepo/TeensySwerve/install/tnsy_interfaces/include/tnsy_interfaces/tnsy_interfaces/msg/detail/tnsy_controller__type_support.hpp
[2.650s] -- Up-to-date: /home/aidan/GitHub/AidansRepo/TeensySwerve/install/tnsy_interfaces/include/tnsy_interfaces/tnsy_interfaces/msg/detail/tnsy_controller__builder.hpp
[2.651s] -- Up-to-date: /home/aidan/GitHub/AidansRepo/TeensySwerve/install/tnsy_interfaces/include/tnsy_interfaces/tnsy_interfaces/msg/detail/tnsy_controller__struct.hpp
[2.651s] -- Up-to-date: /home/aidan/GitHub/AidansRepo/TeensySwerve/install/tnsy_interfaces/include/tnsy_interfaces/tnsy_interfaces/msg/rosidl_generator_cpp__visibility_control.hpp
[2.651s] -- Up-to-date: /home/aidan/GitHub/AidansRepo/TeensySwerve/install/tnsy_interfaces/include/tnsy_interfaces/tnsy_interfaces
[2.652s] -- Up-to-date: /home/aidan/GitHub/AidansRepo/TeensySwerve/install/tnsy_interfaces/include/tnsy_interfaces/tnsy_interfaces/msg
[2.652s] -- Up-to-date: /home/aidan/GitHub/AidansRepo/TeensySwerve/install/tnsy_interfaces/include/tnsy_interfaces/tnsy_interfaces/msg/rosidl_typesupport_fastrtps_cpp__visibility_control.h
[2.652s] -- Up-to-date: /home/aidan/GitHub/AidansRepo/TeensySwerve/install/tnsy_interfaces/include/tnsy_interfaces/tnsy_interfaces/msg/detail
[2.653s] -- Up-to-date: /home/aidan/GitHub/AidansRepo/TeensySwerve/install/tnsy_interfaces/include/tnsy_interfaces/tnsy_interfaces/msg/detail/dds_fastrtps
[2.653s] -- Up-to-date: /home/aidan/GitHub/AidansRepo/TeensySwerve/install/tnsy_interfaces/include/tnsy_interfaces/tnsy_interfaces/msg/detail/tnsy_controller__rosidl_typesupport_fastrtps_cpp.hpp
[2.653s] -- Up-to-date: /home/aidan/GitHub/AidansRepo/TeensySwerve/install/tnsy_interfaces/lib/libtnsy_interfaces__rosidl_typesupport_fastrtps_cpp.so
[2.653s] -- Up-to-date: /home/aidan/GitHub/AidansRepo/TeensySwerve/install/tnsy_interfaces/include/tnsy_interfaces/tnsy_interfaces
[2.654s] -- Up-to-date: /home/aidan/GitHub/AidansRepo/TeensySwerve/install/tnsy_interfaces/include/tnsy_interfaces/tnsy_interfaces/msg
[2.655s] -- Up-to-date: /home/aidan/GitHub/AidansRepo/TeensySwerve/install/tnsy_interfaces/include/tnsy_interfaces/tnsy_interfaces/msg/detail
[2.655s] -- Up-to-date: /home/aidan/GitHub/AidansRepo/TeensySwerve/install/tnsy_interfaces/include/tnsy_interfaces/tnsy_interfaces/msg/detail/tnsy_controller__type_support.cpp
[2.655s] -- Up-to-date: /home/aidan/GitHub/AidansRepo/TeensySwerve/install/tnsy_interfaces/include/tnsy_interfaces/tnsy_interfaces/msg/detail/tnsy_controller__rosidl_typesupport_introspection_cpp.hpp
[2.656s] -- Up-to-date: /home/aidan/GitHub/AidansRepo/TeensySwerve/install/tnsy_interfaces/lib/libtnsy_interfaces__rosidl_typesupport_introspection_cpp.so
[2.656s] -- Up-to-date: /home/aidan/GitHub/AidansRepo/TeensySwerve/install/tnsy_interfaces/lib/libtnsy_interfaces__rosidl_typesupport_cpp.so
[2.656s] -- Up-to-date: /home/aidan/GitHub/AidansRepo/TeensySwerve/install/tnsy_interfaces/share/tnsy_interfaces/environment/pythonpath.sh
[2.656s] -- Up-to-date: /home/aidan/GitHub/AidansRepo/TeensySwerve/install/tnsy_interfaces/share/tnsy_interfaces/environment/pythonpath.dsv
[2.656s] -- Up-to-date: /home/aidan/GitHub/AidansRepo/TeensySwerve/install/tnsy_interfaces/local/lib/python3.10/dist-packages/tnsy_interfaces-0.0.0-py3.10.egg-info
[2.656s] -- Installing: /home/aidan/GitHub/AidansRepo/TeensySwerve/install/tnsy_interfaces/local/lib/python3.10/dist-packages/tnsy_interfaces-0.0.0-py3.10.egg-info/PKG-INFO
[2.657s] -- Installing: /home/aidan/GitHub/AidansRepo/TeensySwerve/install/tnsy_interfaces/local/lib/python3.10/dist-packages/tnsy_interfaces-0.0.0-py3.10.egg-info/SOURCES.txt
[2.657s] -- Installing: /home/aidan/GitHub/AidansRepo/TeensySwerve/install/tnsy_interfaces/local/lib/python3.10/dist-packages/tnsy_interfaces-0.0.0-py3.10.egg-info/dependency_links.txt
[2.657s] -- Installing: /home/aidan/GitHub/AidansRepo/TeensySwerve/install/tnsy_interfaces/local/lib/python3.10/dist-packages/tnsy_interfaces-0.0.0-py3.10.egg-info/top_level.txt
[2.658s] -- Up-to-date: /home/aidan/GitHub/AidansRepo/TeensySwerve/install/tnsy_interfaces/local/lib/python3.10/dist-packages/tnsy_interfaces
[2.658s] -- Up-to-date: /home/aidan/GitHub/AidansRepo/TeensySwerve/install/tnsy_interfaces/local/lib/python3.10/dist-packages/tnsy_interfaces/_tnsy_interfaces_s.ep.rosidl_typesupport_fastrtps_c.c
[2.659s] -- Up-to-date: /home/aidan/GitHub/AidansRepo/TeensySwerve/install/tnsy_interfaces/local/lib/python3.10/dist-packages/tnsy_interfaces/_tnsy_interfaces_s.ep.rosidl_typesupport_c.c
[2.660s] -- Up-to-date: /home/aidan/GitHub/AidansRepo/TeensySwerve/install/tnsy_interfaces/local/lib/python3.10/dist-packages/tnsy_interfaces/__init__.py
[2.660s] -- Up-to-date: /home/aidan/GitHub/AidansRepo/TeensySwerve/install/tnsy_interfaces/local/lib/python3.10/dist-packages/tnsy_interfaces/msg
[2.660s] -- Up-to-date: /home/aidan/GitHub/AidansRepo/TeensySwerve/install/tnsy_interfaces/local/lib/python3.10/dist-packages/tnsy_interfaces/msg/_tnsy_controller.py
[2.660s] -- Up-to-date: /home/aidan/GitHub/AidansRepo/TeensySwerve/install/tnsy_interfaces/local/lib/python3.10/dist-packages/tnsy_interfaces/msg/__init__.py
[2.661s] -- Up-to-date: /home/aidan/GitHub/AidansRepo/TeensySwerve/install/tnsy_interfaces/local/lib/python3.10/dist-packages/tnsy_interfaces/msg/_tnsy_controller_s.c
[2.661s] -- Up-to-date: /home/aidan/GitHub/AidansRepo/TeensySwerve/install/tnsy_interfaces/local/lib/python3.10/dist-packages/tnsy_interfaces/tnsy_interfaces_s__rosidl_typesupport_c.cpython-310-x86_64-linux-gnu.so
[2.661s] -- Up-to-date: /home/aidan/GitHub/AidansRepo/TeensySwerve/install/tnsy_interfaces/local/lib/python3.10/dist-packages/tnsy_interfaces/libtnsy_interfaces__rosidl_generator_py.so
[2.662s] -- Up-to-date: /home/aidan/GitHub/AidansRepo/TeensySwerve/install/tnsy_interfaces/local/lib/python3.10/dist-packages/tnsy_interfaces/tnsy_interfaces_s__rosidl_typesupport_fastrtps_c.cpython-310-x86_64-linux-gnu.so
[2.662s] -- Up-to-date: /home/aidan/GitHub/AidansRepo/TeensySwerve/install/tnsy_interfaces/local/lib/python3.10/dist-packages/tnsy_interfaces/_tnsy_interfaces_s.ep.rosidl_typesupport_introspection_c.c
[2.665s] -- Up-to-date: /home/aidan/GitHub/AidansRepo/TeensySwerve/install/tnsy_interfaces/local/lib/python3.10/dist-packages/tnsy_interfaces/tnsy_interfaces_s__rosidl_typesupport_introspection_c.cpython-310-x86_64-linux-gnu.so
[2.769s] Listing '/home/aidan/GitHub/AidansRepo/TeensySwerve/install/tnsy_interfaces/local/lib/python3.10/dist-packages/tnsy_interfaces'...
[2.769s] Listing '/home/aidan/GitHub/AidansRepo/TeensySwerve/install/tnsy_interfaces/local/lib/python3.10/dist-packages/tnsy_interfaces/msg'...
[2.788s] -- Up-to-date: /home/aidan/GitHub/AidansRepo/TeensySwerve/install/tnsy_interfaces/local/lib/python3.10/dist-packages/tnsy_interfaces/tnsy_interfaces_s__rosidl_typesupport_fastrtps_c.cpython-310-x86_64-linux-gnu.so
[2.789s] -- Up-to-date: /home/aidan/GitHub/AidansRepo/TeensySwerve/install/tnsy_interfaces/local/lib/python3.10/dist-packages/tnsy_interfaces/tnsy_interfaces_s__rosidl_typesupport_introspection_c.cpython-310-x86_64-linux-gnu.so
[2.790s] -- Up-to-date: /home/aidan/GitHub/AidansRepo/TeensySwerve/install/tnsy_interfaces/local/lib/python3.10/dist-packages/tnsy_interfaces/tnsy_interfaces_s__rosidl_typesupport_c.cpython-310-x86_64-linux-gnu.so
[2.790s] -- Up-to-date: /home/aidan/GitHub/AidansRepo/TeensySwerve/install/tnsy_interfaces/lib/libtnsy_interfaces__rosidl_generator_py.so
[2.791s] -- Up-to-date: /home/aidan/GitHub/AidansRepo/TeensySwerve/install/tnsy_interfaces/share/tnsy_interfaces/msg/TnsyController.idl
[2.791s] -- Up-to-date: /home/aidan/GitHub/AidansRepo/TeensySwerve/install/tnsy_interfaces/share/tnsy_interfaces/msg/TnsyController.msg
[2.792s] -- Up-to-date: /home/aidan/GitHub/AidansRepo/TeensySwerve/install/tnsy_interfaces/share/ament_index/resource_index/package_run_dependencies/tnsy_interfaces
[2.792s] -- Up-to-date: /home/aidan/GitHub/AidansRepo/TeensySwerve/install/tnsy_interfaces/share/ament_index/resource_index/parent_prefix_path/tnsy_interfaces
[2.793s] -- Up-to-date: /home/aidan/GitHub/AidansRepo/TeensySwerve/install/tnsy_interfaces/share/tnsy_interfaces/environment/ament_prefix_path.sh
[2.795s] -- Up-to-date: /home/aidan/GitHub/AidansRepo/TeensySwerve/install/tnsy_interfaces/share/tnsy_interfaces/environment/ament_prefix_path.dsv
[2.795s] -- Up-to-date: /home/aidan/GitHub/AidansRepo/TeensySwerve/install/tnsy_interfaces/share/tnsy_interfaces/environment/path.sh
[2.795s] -- Up-to-date: /home/aidan/GitHub/AidansRepo/TeensySwerve/install/tnsy_interfaces/share/tnsy_interfaces/environment/path.dsv
[2.796s] -- Up-to-date: /home/aidan/GitHub/AidansRepo/TeensySwerve/install/tnsy_interfaces/share/tnsy_interfaces/local_setup.bash
[2.796s] -- Up-to-date: /home/aidan/GitHub/AidansRepo/TeensySwerve/install/tnsy_interfaces/share/tnsy_interfaces/local_setup.sh
[2.796s] -- Up-to-date: /home/aidan/GitHub/AidansRepo/TeensySwerve/install/tnsy_interfaces/share/tnsy_interfaces/local_setup.zsh
[2.796s] -- Up-to-date: /home/aidan/GitHub/AidansRepo/TeensySwerve/install/tnsy_interfaces/share/tnsy_interfaces/local_setup.dsv
[2.796s] -- Installing: /home/aidan/GitHub/AidansRepo/TeensySwerve/install/tnsy_interfaces/share/tnsy_interfaces/package.dsv
[2.796s] -- Up-to-date: /home/aidan/GitHub/AidansRepo/TeensySwerve/install/tnsy_interfaces/share/ament_index/resource_index/packages/tnsy_interfaces
[2.797s] -- Up-to-date: /home/aidan/GitHub/AidansRepo/TeensySwerve/install/tnsy_interfaces/share/tnsy_interfaces/cmake/export_tnsy_interfaces__rosidl_generator_cExport.cmake
[2.797s] -- Up-to-date: /home/aidan/GitHub/AidansRepo/TeensySwerve/install/tnsy_interfaces/share/tnsy_interfaces/cmake/export_tnsy_interfaces__rosidl_generator_cExport-noconfig.cmake
[2.797s] -- Up-to-date: /home/aidan/GitHub/AidansRepo/TeensySwerve/install/tnsy_interfaces/share/tnsy_interfaces/cmake/export_tnsy_interfaces__rosidl_typesupport_fastrtps_cExport.cmake
[2.797s] -- Up-to-date: /home/aidan/GitHub/AidansRepo/TeensySwerve/install/tnsy_interfaces/share/tnsy_interfaces/cmake/export_tnsy_interfaces__rosidl_typesupport_fastrtps_cExport-noconfig.cmake
[2.798s] -- Up-to-date: /home/aidan/GitHub/AidansRepo/TeensySwerve/install/tnsy_interfaces/share/tnsy_interfaces/cmake/tnsy_interfaces__rosidl_typesupport_introspection_cExport.cmake
[2.799s] -- Up-to-date: /home/aidan/GitHub/AidansRepo/TeensySwerve/install/tnsy_interfaces/share/tnsy_interfaces/cmake/tnsy_interfaces__rosidl_typesupport_introspection_cExport-noconfig.cmake
[2.801s] -- Up-to-date: /home/aidan/GitHub/AidansRepo/TeensySwerve/install/tnsy_interfaces/share/tnsy_interfaces/cmake/tnsy_interfaces__rosidl_typesupport_cExport.cmake
[2.802s] -- Up-to-date: /home/aidan/GitHub/AidansRepo/TeensySwerve/install/tnsy_interfaces/share/tnsy_interfaces/cmake/tnsy_interfaces__rosidl_typesupport_cExport-noconfig.cmake
[2.803s] -- Up-to-date: /home/aidan/GitHub/AidansRepo/TeensySwerve/install/tnsy_interfaces/share/tnsy_interfaces/cmake/export_tnsy_interfaces__rosidl_generator_cppExport.cmake
[2.804s] -- Up-to-date: /home/aidan/GitHub/AidansRepo/TeensySwerve/install/tnsy_interfaces/share/tnsy_interfaces/cmake/export_tnsy_interfaces__rosidl_typesupport_fastrtps_cppExport.cmake
[2.805s] -- Up-to-date: /home/aidan/GitHub/AidansRepo/TeensySwerve/install/tnsy_interfaces/share/tnsy_interfaces/cmake/export_tnsy_interfaces__rosidl_typesupport_fastrtps_cppExport-noconfig.cmake
[2.805s] -- Up-to-date: /home/aidan/GitHub/AidansRepo/TeensySwerve/install/tnsy_interfaces/share/tnsy_interfaces/cmake/tnsy_interfaces__rosidl_typesupport_introspection_cppExport.cmake
[2.806s] -- Up-to-date: /home/aidan/GitHub/AidansRepo/TeensySwerve/install/tnsy_interfaces/share/tnsy_interfaces/cmake/tnsy_interfaces__rosidl_typesupport_introspection_cppExport-noconfig.cmake
[2.809s] -- Up-to-date: /home/aidan/GitHub/AidansRepo/TeensySwerve/install/tnsy_interfaces/share/tnsy_interfaces/cmake/tnsy_interfaces__rosidl_typesupport_cppExport.cmake
[2.810s] -- Up-to-date: /home/aidan/GitHub/AidansRepo/TeensySwerve/install/tnsy_interfaces/share/tnsy_interfaces/cmake/tnsy_interfaces__rosidl_typesupport_cppExport-noconfig.cmake
[2.810s] -- Up-to-date: /home/aidan/GitHub/AidansRepo/TeensySwerve/install/tnsy_interfaces/share/tnsy_interfaces/cmake/export_tnsy_interfaces__rosidl_generator_pyExport.cmake
[2.811s] -- Up-to-date: /home/aidan/GitHub/AidansRepo/TeensySwerve/install/tnsy_interfaces/share/tnsy_interfaces/cmake/export_tnsy_interfaces__rosidl_generator_pyExport-noconfig.cmake
[2.811s] -- Up-to-date: /home/aidan/GitHub/AidansRepo/TeensySwerve/install/tnsy_interfaces/share/tnsy_interfaces/cmake/rosidl_cmake-extras.cmake
[2.811s] -- Up-to-date: /home/aidan/GitHub/AidansRepo/TeensySwerve/install/tnsy_interfaces/share/tnsy_interfaces/cmake/ament_cmake_export_include_directories-extras.cmake
[2.812s] -- Up-to-date: /home/aidan/GitHub/AidansRepo/TeensySwerve/install/tnsy_interfaces/share/tnsy_interfaces/cmake/ament_cmake_export_libraries-extras.cmake
[2.812s] -- Up-to-date: /home/aidan/GitHub/AidansRepo/TeensySwerve/install/tnsy_interfaces/share/tnsy_interfaces/cmake/ament_cmake_export_targets-extras.cmake
[2.812s] -- Up-to-date: /home/aidan/GitHub/AidansRepo/TeensySwerve/install/tnsy_interfaces/share/tnsy_interfaces/cmake/rosidl_cmake_export_typesupport_targets-extras.cmake
[2.812s] -- Up-to-date: /home/aidan/GitHub/AidansRepo/TeensySwerve/install/tnsy_interfaces/share/tnsy_interfaces/cmake/ament_cmake_export_dependencies-extras.cmake
[2.813s] -- Up-to-date: /home/aidan/GitHub/AidansRepo/TeensySwerve/install/tnsy_interfaces/share/tnsy_interfaces/cmake/rosidl_cmake_export_typesupport_libraries-extras.cmake
[2.813s] -- Up-to-date: /home/aidan/GitHub/AidansRepo/TeensySwerve/install/tnsy_interfaces/share/tnsy_interfaces/cmake/tnsy_interfacesConfig.cmake
[2.813s] -- Up-to-date: /home/aidan/GitHub/AidansRepo/TeensySwerve/install/tnsy_interfaces/share/tnsy_interfaces/cmake/tnsy_interfacesConfig-version.cmake
[2.813s] -- Up-to-date: /home/aidan/GitHub/AidansRepo/TeensySwerve/install/tnsy_interfaces/share/tnsy_interfaces/package.xml
[2.821s] Invoked command in '/home/aidan/GitHub/AidansRepo/TeensySwerve/build/tnsy_interfaces' returned '0': CMAKE_PREFIX_PATH=${CMAKE_PREFIX_PATH}:/home/aidan/GitHub/AidansRepo/TeensySwerve/install/tnsy_swrv_controller:/opt/ros/humble /usr/bin/cmake --install /home/aidan/GitHub/AidansRepo/TeensySwerve/build/tnsy_interfaces
