[0.025s] Invoking command in '/home/aidan/GitHub/AidansRepo/TeensySwerve/build/tnsy_interfaces': CMAKE_PREFIX_PATH=${CMAKE_PREFIX_PATH}:/home/aidan/GitHub/AidansRepo/TeensySwerve/install/tnsy_swrv_controller:/opt/ros/humble /usr/bin/cmake --build /home/aidan/GitHub/AidansRepo/TeensySwerve/build/tnsy_interfaces -- -j4 -l4
[0.112s] [  3%] Built target tnsy_interfaces__cpp
[0.117s] [ 12%] Built target tnsy_interfaces__rosidl_generator_c
[0.142s] [ 12%] Built target ament_cmake_python_copy_tnsy_interfaces
[0.175s] [ 22%] Built target tnsy_interfaces__rosidl_typesupport_fastrtps_cpp
[0.180s] [ 32%] Built target tnsy_interfaces__rosidl_typesupport_introspection_cpp
[0.190s] [ 41%] Built target tnsy_interfaces__rosidl_typesupport_cpp
[0.201s] [ 51%] Built target tnsy_interfaces__rosidl_typesupport_fastrtps_c
[0.234s] [ 61%] Built target tnsy_interfaces__rosidl_typesupport_introspection_c
[0.237s] [ 70%] Built target tnsy_interfaces__rosidl_typesupport_c
[0.284s] [ 70%] Built target tnsy_interfaces
[0.338s] [ 74%] Built target tnsy_interfaces__py
[0.393s] [ 80%] Built target tnsy_interfaces__rosidl_generator_py
[0.453s] [ 87%] Built target tnsy_interfaces__rosidl_typesupport_c__pyext
[0.453s] [ 93%] Built target tnsy_interfaces__rosidl_typesupport_introspection_c__pyext
[0.456s] [100%] Built target tnsy_interfaces__rosidl_typesupport_fastrtps_c__pyext
[0.871s] running egg_info
[0.872s] writing tnsy_interfaces.egg-info/PKG-INFO
[0.873s] writing dependency_links to tnsy_interfaces.egg-info/dependency_links.txt
[0.873s] writing top-level names to tnsy_interfaces.egg-info/top_level.txt
[0.877s] reading manifest file 'tnsy_interfaces.egg-info/SOURCES.txt'
[0.878s] writing manifest file 'tnsy_interfaces.egg-info/SOURCES.txt'
[0.928s] [100%] Built target ament_cmake_python_build_tnsy_interfaces_egg
[0.954s] Invoked command in '/home/aidan/GitHub/AidansRepo/TeensySwerve/build/tnsy_interfaces' returned '0': CMAKE_PREFIX_PATH=${CMAKE_PREFIX_PATH}:/home/aidan/GitHub/AidansRepo/TeensySwerve/install/tnsy_swrv_controller:/opt/ros/humble /usr/bin/cmake --build /home/aidan/GitHub/AidansRepo/TeensySwerve/build/tnsy_interfaces -- -j4 -l4
[1.076s] Invoking command in '/home/aidan/GitHub/AidansRepo/TeensySwerve/build/tnsy_interfaces': CMAKE_PREFIX_PATH=${CMAKE_PREFIX_PATH}:/home/aidan/GitHub/AidansRepo/TeensySwerve/install/tnsy_swrv_controller:/opt/ros/humble /usr/bin/cmake --install /home/aidan/GitHub/AidansRepo/TeensySwerve/build/tnsy_interfaces
[1.087s] -- Install configuration: ""
[1.088s] -- Up-to-date: /home/aidan/GitHub/AidansRepo/TeensySwerve/install/tnsy_interfaces/share/ament_index/resource_index/rosidl_interfaces/tnsy_interfaces
[1.088s] -- Up-to-date: /home/aidan/GitHub/AidansRepo/TeensySwerve/install/tnsy_interfaces/include/tnsy_interfaces/tnsy_interfaces
[1.088s] -- Up-to-date: /home/aidan/GitHub/AidansRepo/TeensySwerve/install/tnsy_interfaces/include/tnsy_interfaces/tnsy_interfaces/msg
[1.089s] -- Up-to-date: /home/aidan/GitHub/AidansRepo/TeensySwerve/install/tnsy_interfaces/include/tnsy_interfaces/tnsy_interfaces/msg/tnsy_controller.h
[1.089s] -- Up-to-date: /home/aidan/GitHub/AidansRepo/TeensySwerve/install/tnsy_interfaces/include/tnsy_interfaces/tnsy_interfaces/msg/rosidl_generator_c__visibility_control.h
[1.089s] -- Up-to-date: /home/aidan/GitHub/AidansRepo/TeensySwerve/install/tnsy_interfaces/include/tnsy_interfaces/tnsy_interfaces/msg/detail
[1.089s] -- Up-to-date: /home/aidan/GitHub/AidansRepo/TeensySwerve/install/tnsy_interfaces/include/tnsy_interfaces/tnsy_interfaces/msg/detail/tnsy_controller__struct.h
[1.089s] -- Up-to-date: /home/aidan/GitHub/AidansRepo/TeensySwerve/install/tnsy_interfaces/include/tnsy_interfaces/tnsy_interfaces/msg/detail/tnsy_controller__functions.h
[1.089s] -- Up-to-date: /home/aidan/GitHub/AidansRepo/TeensySwerve/install/tnsy_interfaces/include/tnsy_interfaces/tnsy_interfaces/msg/detail/tnsy_controller__functions.c
[1.090s] -- Up-to-date: /home/aidan/GitHub/AidansRepo/TeensySwerve/install/tnsy_interfaces/include/tnsy_interfaces/tnsy_interfaces/msg/detail/tnsy_controller__type_support.h
[1.090s] -- Up-to-date: /home/aidan/GitHub/AidansRepo/TeensySwerve/install/tnsy_interfaces/share/tnsy_interfaces/environment/library_path.sh
[1.090s] -- Up-to-date: /home/aidan/GitHub/AidansRepo/TeensySwerve/install/tnsy_interfaces/share/tnsy_interfaces/environment/library_path.dsv
[1.090s] -- Up-to-date: /home/aidan/GitHub/AidansRepo/TeensySwerve/install/tnsy_interfaces/lib/libtnsy_interfaces__rosidl_generator_c.so
[1.091s] -- Up-to-date: /home/aidan/GitHub/AidansRepo/TeensySwerve/install/tnsy_interfaces/include/tnsy_interfaces/tnsy_interfaces
[1.091s] -- Up-to-date: /home/aidan/GitHub/AidansRepo/TeensySwerve/install/tnsy_interfaces/include/tnsy_interfaces/tnsy_interfaces/msg
[1.091s] -- Up-to-date: /home/aidan/GitHub/AidansRepo/TeensySwerve/install/tnsy_interfaces/include/tnsy_interfaces/tnsy_interfaces/msg/rosidl_typesupport_fastrtps_c__visibility_control.h
[1.091s] -- Up-to-date: /home/aidan/GitHub/AidansRepo/TeensySwerve/install/tnsy_interfaces/include/tnsy_interfaces/tnsy_interfaces/msg/detail
[1.091s] -- Up-to-date: /home/aidan/GitHub/AidansRepo/TeensySwerve/install/tnsy_interfaces/include/tnsy_interfaces/tnsy_interfaces/msg/detail/tnsy_controller__rosidl_typesupport_fastrtps_c.h
[1.092s] -- Up-to-date: /home/aidan/GitHub/AidansRepo/TeensySwerve/install/tnsy_interfaces/lib/libtnsy_interfaces__rosidl_typesupport_fastrtps_c.so
[1.092s] -- Up-to-date: /home/aidan/GitHub/AidansRepo/TeensySwerve/install/tnsy_interfaces/include/tnsy_interfaces/tnsy_interfaces
[1.093s] -- Up-to-date: /home/aidan/GitHub/AidansRepo/TeensySwerve/install/tnsy_interfaces/include/tnsy_interfaces/tnsy_interfaces/msg
[1.093s] -- Up-to-date: /home/aidan/GitHub/AidansRepo/TeensySwerve/install/tnsy_interfaces/include/tnsy_interfaces/tnsy_interfaces/msg/detail
[1.093s] -- Up-to-date: /home/aidan/GitHub/AidansRepo/TeensySwerve/install/tnsy_interfaces/include/tnsy_interfaces/tnsy_interfaces/msg/detail/tnsy_controller__rosidl_typesupport_introspection_c.h
[1.093s] -- Up-to-date: /home/aidan/GitHub/AidansRepo/TeensySwerve/install/tnsy_interfaces/include/tnsy_interfaces/tnsy_interfaces/msg/detail/tnsy_controller__type_support.c
[1.094s] -- Up-to-date: /home/aidan/GitHub/AidansRepo/TeensySwerve/install/tnsy_interfaces/include/tnsy_interfaces/tnsy_interfaces/msg/rosidl_typesupport_introspection_c__visibility_control.h
[1.094s] -- Up-to-date: /home/aidan/GitHub/AidansRepo/TeensySwerve/install/tnsy_interfaces/lib/libtnsy_interfaces__rosidl_typesupport_introspection_c.so
[1.094s] -- Up-to-date: /home/aidan/GitHub/AidansRepo/TeensySwerve/install/tnsy_interfaces/lib/libtnsy_interfaces__rosidl_typesupport_c.so
[1.094s] -- Up-to-date: /home/aidan/GitHub/AidansRepo/TeensySwerve/install/tnsy_interfaces/include/tnsy_interfaces/tnsy_interfaces
[1.094s] -- Up-to-date: /home/aidan/GitHub/AidansRepo/TeensySwerve/install/tnsy_interfaces/include/tnsy_interfaces/tnsy_interfaces/msg
[1.095s] -- Up-to-date: /home/aidan/GitHub/AidansRepo/TeensySwerve/install/tnsy_interfaces/include/tnsy_interfaces/tnsy_interfaces/msg/tnsy_controller.hpp
[1.095s] -- Up-to-date: /home/aidan/GitHub/AidansRepo/TeensySwerve/install/tnsy_interfaces/include/tnsy_interfaces/tnsy_interfaces/msg/detail
[1.095s] -- Up-to-date: /home/aidan/GitHub/AidansRepo/TeensySwerve/install/tnsy_interfaces/include/tnsy_interfaces/tnsy_interfaces/msg/detail/tnsy_controller__traits.hpp
[1.095s] -- Up-to-date: /home/aidan/GitHub/AidansRepo/TeensySwerve/install/tnsy_interfaces/include/tnsy_interfaces/tnsy_interfaces/msg/detail/tnsy_controller__type_support.hpp
[1.096s] -- Up-to-date: /home/aidan/GitHub/AidansRepo/TeensySwerve/install/tnsy_interfaces/include/tnsy_interfaces/tnsy_interfaces/msg/detail/tnsy_controller__builder.hpp
[1.096s] -- Up-to-date: /home/aidan/GitHub/AidansRepo/TeensySwerve/install/tnsy_interfaces/include/tnsy_interfaces/tnsy_interfaces/msg/detail/tnsy_controller__struct.hpp
[1.096s] -- Up-to-date: /home/aidan/GitHub/AidansRepo/TeensySwerve/install/tnsy_interfaces/include/tnsy_interfaces/tnsy_interfaces/msg/rosidl_generator_cpp__visibility_control.hpp
[1.097s] -- Up-to-date: /home/aidan/GitHub/AidansRepo/TeensySwerve/install/tnsy_interfaces/include/tnsy_interfaces/tnsy_interfaces
[1.097s] -- Up-to-date: /home/aidan/GitHub/AidansRepo/TeensySwerve/install/tnsy_interfaces/include/tnsy_interfaces/tnsy_interfaces/msg
[1.097s] -- Up-to-date: /home/aidan/GitHub/AidansRepo/TeensySwerve/install/tnsy_interfaces/include/tnsy_interfaces/tnsy_interfaces/msg/rosidl_typesupport_fastrtps_cpp__visibility_control.h
[1.097s] -- Up-to-date: /home/aidan/GitHub/AidansRepo/TeensySwerve/install/tnsy_interfaces/include/tnsy_interfaces/tnsy_interfaces/msg/detail
[1.098s] -- Up-to-date: /home/aidan/GitHub/AidansRepo/TeensySwerve/install/tnsy_interfaces/include/tnsy_interfaces/tnsy_interfaces/msg/detail/dds_fastrtps
[1.098s] -- Up-to-date: /home/aidan/GitHub/AidansRepo/TeensySwerve/install/tnsy_interfaces/include/tnsy_interfaces/tnsy_interfaces/msg/detail/tnsy_controller__rosidl_typesupport_fastrtps_cpp.hpp
[1.098s] -- Up-to-date: /home/aidan/GitHub/AidansRepo/TeensySwerve/install/tnsy_interfaces/lib/libtnsy_interfaces__rosidl_typesupport_fastrtps_cpp.so
[1.098s] -- Up-to-date: /home/aidan/GitHub/AidansRepo/TeensySwerve/install/tnsy_interfaces/include/tnsy_interfaces/tnsy_interfaces
[1.098s] -- Up-to-date: /home/aidan/GitHub/AidansRepo/TeensySwerve/install/tnsy_interfaces/include/tnsy_interfaces/tnsy_interfaces/msg
[1.099s] -- Up-to-date: /home/aidan/GitHub/AidansRepo/TeensySwerve/install/tnsy_interfaces/include/tnsy_interfaces/tnsy_interfaces/msg/detail
[1.099s] -- Up-to-date: /home/aidan/GitHub/AidansRepo/TeensySwerve/install/tnsy_interfaces/include/tnsy_interfaces/tnsy_interfaces/msg/detail/tnsy_controller__type_support.cpp
[1.100s] -- Up-to-date: /home/aidan/GitHub/AidansRepo/TeensySwerve/install/tnsy_interfaces/include/tnsy_interfaces/tnsy_interfaces/msg/detail/tnsy_controller__rosidl_typesupport_introspection_cpp.hpp
[1.100s] -- Up-to-date: /home/aidan/GitHub/AidansRepo/TeensySwerve/install/tnsy_interfaces/lib/libtnsy_interfaces__rosidl_typesupport_introspection_cpp.so
[1.100s] -- Up-to-date: /home/aidan/GitHub/AidansRepo/TeensySwerve/install/tnsy_interfaces/lib/libtnsy_interfaces__rosidl_typesupport_cpp.so
[1.100s] -- Up-to-date: /home/aidan/GitHub/AidansRepo/TeensySwerve/install/tnsy_interfaces/share/tnsy_interfaces/environment/pythonpath.sh
[1.100s] -- Up-to-date: /home/aidan/GitHub/AidansRepo/TeensySwerve/install/tnsy_interfaces/share/tnsy_interfaces/environment/pythonpath.dsv
[1.101s] -- Up-to-date: /home/aidan/GitHub/AidansRepo/TeensySwerve/install/tnsy_interfaces/local/lib/python3.10/dist-packages/tnsy_interfaces-0.0.0-py3.10.egg-info
[1.101s] -- Installing: /home/aidan/GitHub/AidansRepo/TeensySwerve/install/tnsy_interfaces/local/lib/python3.10/dist-packages/tnsy_interfaces-0.0.0-py3.10.egg-info/PKG-INFO
[1.101s] -- Installing: /home/aidan/GitHub/AidansRepo/TeensySwerve/install/tnsy_interfaces/local/lib/python3.10/dist-packages/tnsy_interfaces-0.0.0-py3.10.egg-info/SOURCES.txt
[1.101s] -- Installing: /home/aidan/GitHub/AidansRepo/TeensySwerve/install/tnsy_interfaces/local/lib/python3.10/dist-packages/tnsy_interfaces-0.0.0-py3.10.egg-info/dependency_links.txt
[1.101s] -- Installing: /home/aidan/GitHub/AidansRepo/TeensySwerve/install/tnsy_interfaces/local/lib/python3.10/dist-packages/tnsy_interfaces-0.0.0-py3.10.egg-info/top_level.txt
[1.102s] -- Up-to-date: /home/aidan/GitHub/AidansRepo/TeensySwerve/install/tnsy_interfaces/local/lib/python3.10/dist-packages/tnsy_interfaces
[1.102s] -- Up-to-date: /home/aidan/GitHub/AidansRepo/TeensySwerve/install/tnsy_interfaces/local/lib/python3.10/dist-packages/tnsy_interfaces/_tnsy_interfaces_s.ep.rosidl_typesupport_fastrtps_c.c
[1.102s] -- Up-to-date: /home/aidan/GitHub/AidansRepo/TeensySwerve/install/tnsy_interfaces/local/lib/python3.10/dist-packages/tnsy_interfaces/_tnsy_interfaces_s.ep.rosidl_typesupport_c.c
[1.102s] -- Up-to-date: /home/aidan/GitHub/AidansRepo/TeensySwerve/install/tnsy_interfaces/local/lib/python3.10/dist-packages/tnsy_interfaces/__init__.py
[1.102s] -- Up-to-date: /home/aidan/GitHub/AidansRepo/TeensySwerve/install/tnsy_interfaces/local/lib/python3.10/dist-packages/tnsy_interfaces/msg
[1.103s] -- Up-to-date: /home/aidan/GitHub/AidansRepo/TeensySwerve/install/tnsy_interfaces/local/lib/python3.10/dist-packages/tnsy_interfaces/msg/_tnsy_controller.py
[1.104s] -- Up-to-date: /home/aidan/GitHub/AidansRepo/TeensySwerve/install/tnsy_interfaces/local/lib/python3.10/dist-packages/tnsy_interfaces/msg/__init__.py
[1.104s] -- Up-to-date: /home/aidan/GitHub/AidansRepo/TeensySwerve/install/tnsy_interfaces/local/lib/python3.10/dist-packages/tnsy_interfaces/msg/_tnsy_controller_s.c
[1.104s] -- Up-to-date: /home/aidan/GitHub/AidansRepo/TeensySwerve/install/tnsy_interfaces/local/lib/python3.10/dist-packages/tnsy_interfaces/tnsy_interfaces_s__rosidl_typesupport_c.cpython-310-x86_64-linux-gnu.so
[1.104s] -- Up-to-date: /home/aidan/GitHub/AidansRepo/TeensySwerve/install/tnsy_interfaces/local/lib/python3.10/dist-packages/tnsy_interfaces/libtnsy_interfaces__rosidl_generator_py.so
[1.104s] -- Up-to-date: /home/aidan/GitHub/AidansRepo/TeensySwerve/install/tnsy_interfaces/local/lib/python3.10/dist-packages/tnsy_interfaces/tnsy_interfaces_s__rosidl_typesupport_fastrtps_c.cpython-310-x86_64-linux-gnu.so
[1.105s] -- Up-to-date: /home/aidan/GitHub/AidansRepo/TeensySwerve/install/tnsy_interfaces/local/lib/python3.10/dist-packages/tnsy_interfaces/_tnsy_interfaces_s.ep.rosidl_typesupport_introspection_c.c
[1.105s] -- Up-to-date: /home/aidan/GitHub/AidansRepo/TeensySwerve/install/tnsy_interfaces/local/lib/python3.10/dist-packages/tnsy_interfaces/tnsy_interfaces_s__rosidl_typesupport_introspection_c.cpython-310-x86_64-linux-gnu.so
[1.182s] Listing '/home/aidan/GitHub/AidansRepo/TeensySwerve/install/tnsy_interfaces/local/lib/python3.10/dist-packages/tnsy_interfaces'...
[1.182s] Listing '/home/aidan/GitHub/AidansRepo/TeensySwerve/install/tnsy_interfaces/local/lib/python3.10/dist-packages/tnsy_interfaces/msg'...
[1.193s] -- Up-to-date: /home/aidan/GitHub/AidansRepo/TeensySwerve/install/tnsy_interfaces/local/lib/python3.10/dist-packages/tnsy_interfaces/tnsy_interfaces_s__rosidl_typesupport_fastrtps_c.cpython-310-x86_64-linux-gnu.so
[1.193s] -- Up-to-date: /home/aidan/GitHub/AidansRepo/TeensySwerve/install/tnsy_interfaces/local/lib/python3.10/dist-packages/tnsy_interfaces/tnsy_interfaces_s__rosidl_typesupport_introspection_c.cpython-310-x86_64-linux-gnu.so
[1.194s] -- Up-to-date: /home/aidan/GitHub/AidansRepo/TeensySwerve/install/tnsy_interfaces/local/lib/python3.10/dist-packages/tnsy_interfaces/tnsy_interfaces_s__rosidl_typesupport_c.cpython-310-x86_64-linux-gnu.so
[1.194s] -- Up-to-date: /home/aidan/GitHub/AidansRepo/TeensySwerve/install/tnsy_interfaces/lib/libtnsy_interfaces__rosidl_generator_py.so
[1.195s] -- Up-to-date: /home/aidan/GitHub/AidansRepo/TeensySwerve/install/tnsy_interfaces/share/tnsy_interfaces/msg/TnsyController.idl
[1.195s] -- Up-to-date: /home/aidan/GitHub/AidansRepo/TeensySwerve/install/tnsy_interfaces/share/tnsy_interfaces/msg/TnsyController.msg
[1.196s] -- Up-to-date: /home/aidan/GitHub/AidansRepo/TeensySwerve/install/tnsy_interfaces/share/ament_index/resource_index/package_run_dependencies/tnsy_interfaces
[1.196s] -- Up-to-date: /home/aidan/GitHub/AidansRepo/TeensySwerve/install/tnsy_interfaces/share/ament_index/resource_index/parent_prefix_path/tnsy_interfaces
[1.196s] -- Up-to-date: /home/aidan/GitHub/AidansRepo/TeensySwerve/install/tnsy_interfaces/share/tnsy_interfaces/environment/ament_prefix_path.sh
[1.196s] -- Up-to-date: /home/aidan/GitHub/AidansRepo/TeensySwerve/install/tnsy_interfaces/share/tnsy_interfaces/environment/ament_prefix_path.dsv
[1.197s] -- Up-to-date: /home/aidan/GitHub/AidansRepo/TeensySwerve/install/tnsy_interfaces/share/tnsy_interfaces/environment/path.sh
[1.197s] -- Up-to-date: /home/aidan/GitHub/AidansRepo/TeensySwerve/install/tnsy_interfaces/share/tnsy_interfaces/environment/path.dsv
[1.197s] -- Up-to-date: /home/aidan/GitHub/AidansRepo/TeensySwerve/install/tnsy_interfaces/share/tnsy_interfaces/local_setup.bash
[1.197s] -- Up-to-date: /home/aidan/GitHub/AidansRepo/TeensySwerve/install/tnsy_interfaces/share/tnsy_interfaces/local_setup.sh
[1.198s] -- Up-to-date: /home/aidan/GitHub/AidansRepo/TeensySwerve/install/tnsy_interfaces/share/tnsy_interfaces/local_setup.zsh
[1.198s] -- Up-to-date: /home/aidan/GitHub/AidansRepo/TeensySwerve/install/tnsy_interfaces/share/tnsy_interfaces/local_setup.dsv
[1.198s] -- Installing: /home/aidan/GitHub/AidansRepo/TeensySwerve/install/tnsy_interfaces/share/tnsy_interfaces/package.dsv
[1.198s] -- Up-to-date: /home/aidan/GitHub/AidansRepo/TeensySwerve/install/tnsy_interfaces/share/ament_index/resource_index/packages/tnsy_interfaces
[1.198s] -- Up-to-date: /home/aidan/GitHub/AidansRepo/TeensySwerve/install/tnsy_interfaces/share/tnsy_interfaces/cmake/export_tnsy_interfaces__rosidl_generator_cExport.cmake
[1.199s] -- Up-to-date: /home/aidan/GitHub/AidansRepo/TeensySwerve/install/tnsy_interfaces/share/tnsy_interfaces/cmake/export_tnsy_interfaces__rosidl_generator_cExport-noconfig.cmake
[1.199s] -- Up-to-date: /home/aidan/GitHub/AidansRepo/TeensySwerve/install/tnsy_interfaces/share/tnsy_interfaces/cmake/export_tnsy_interfaces__rosidl_typesupport_fastrtps_cExport.cmake
[1.199s] -- Up-to-date: /home/aidan/GitHub/AidansRepo/TeensySwerve/install/tnsy_interfaces/share/tnsy_interfaces/cmake/export_tnsy_interfaces__rosidl_typesupport_fastrtps_cExport-noconfig.cmake
[1.199s] -- Up-to-date: /home/aidan/GitHub/AidansRepo/TeensySwerve/install/tnsy_interfaces/share/tnsy_interfaces/cmake/tnsy_interfaces__rosidl_typesupport_introspection_cExport.cmake
[1.199s] -- Up-to-date: /home/aidan/GitHub/AidansRepo/TeensySwerve/install/tnsy_interfaces/share/tnsy_interfaces/cmake/tnsy_interfaces__rosidl_typesupport_introspection_cExport-noconfig.cmake
[1.199s] -- Up-to-date: /home/aidan/GitHub/AidansRepo/TeensySwerve/install/tnsy_interfaces/share/tnsy_interfaces/cmake/tnsy_interfaces__rosidl_typesupport_cExport.cmake
[1.199s] -- Up-to-date: /home/aidan/GitHub/AidansRepo/TeensySwerve/install/tnsy_interfaces/share/tnsy_interfaces/cmake/tnsy_interfaces__rosidl_typesupport_cExport-noconfig.cmake
[1.200s] -- Up-to-date: /home/aidan/GitHub/AidansRepo/TeensySwerve/install/tnsy_interfaces/share/tnsy_interfaces/cmake/export_tnsy_interfaces__rosidl_generator_cppExport.cmake
[1.200s] -- Up-to-date: /home/aidan/GitHub/AidansRepo/TeensySwerve/install/tnsy_interfaces/share/tnsy_interfaces/cmake/export_tnsy_interfaces__rosidl_typesupport_fastrtps_cppExport.cmake
[1.200s] -- Up-to-date: /home/aidan/GitHub/AidansRepo/TeensySwerve/install/tnsy_interfaces/share/tnsy_interfaces/cmake/export_tnsy_interfaces__rosidl_typesupport_fastrtps_cppExport-noconfig.cmake
[1.201s] -- Up-to-date: /home/aidan/GitHub/AidansRepo/TeensySwerve/install/tnsy_interfaces/share/tnsy_interfaces/cmake/tnsy_interfaces__rosidl_typesupport_introspection_cppExport.cmake
[1.201s] -- Up-to-date: /home/aidan/GitHub/AidansRepo/TeensySwerve/install/tnsy_interfaces/share/tnsy_interfaces/cmake/tnsy_interfaces__rosidl_typesupport_introspection_cppExport-noconfig.cmake
[1.201s] -- Up-to-date: /home/aidan/GitHub/AidansRepo/TeensySwerve/install/tnsy_interfaces/share/tnsy_interfaces/cmake/tnsy_interfaces__rosidl_typesupport_cppExport.cmake
[1.201s] -- Up-to-date: /home/aidan/GitHub/AidansRepo/TeensySwerve/install/tnsy_interfaces/share/tnsy_interfaces/cmake/tnsy_interfaces__rosidl_typesupport_cppExport-noconfig.cmake
[1.201s] -- Up-to-date: /home/aidan/GitHub/AidansRepo/TeensySwerve/install/tnsy_interfaces/share/tnsy_interfaces/cmake/export_tnsy_interfaces__rosidl_generator_pyExport.cmake
[1.201s] -- Up-to-date: /home/aidan/GitHub/AidansRepo/TeensySwerve/install/tnsy_interfaces/share/tnsy_interfaces/cmake/export_tnsy_interfaces__rosidl_generator_pyExport-noconfig.cmake
[1.202s] -- Up-to-date: /home/aidan/GitHub/AidansRepo/TeensySwerve/install/tnsy_interfaces/share/tnsy_interfaces/cmake/rosidl_cmake-extras.cmake
[1.202s] -- Up-to-date: /home/aidan/GitHub/AidansRepo/TeensySwerve/install/tnsy_interfaces/share/tnsy_interfaces/cmake/ament_cmake_export_include_directories-extras.cmake
[1.202s] -- Up-to-date: /home/aidan/GitHub/AidansRepo/TeensySwerve/install/tnsy_interfaces/share/tnsy_interfaces/cmake/ament_cmake_export_libraries-extras.cmake
[1.202s] -- Up-to-date: /home/aidan/GitHub/AidansRepo/TeensySwerve/install/tnsy_interfaces/share/tnsy_interfaces/cmake/ament_cmake_export_targets-extras.cmake
[1.202s] -- Up-to-date: /home/aidan/GitHub/AidansRepo/TeensySwerve/install/tnsy_interfaces/share/tnsy_interfaces/cmake/rosidl_cmake_export_typesupport_targets-extras.cmake
[1.202s] -- Up-to-date: /home/aidan/GitHub/AidansRepo/TeensySwerve/install/tnsy_interfaces/share/tnsy_interfaces/cmake/ament_cmake_export_dependencies-extras.cmake
[1.203s] -- Up-to-date: /home/aidan/GitHub/AidansRepo/TeensySwerve/install/tnsy_interfaces/share/tnsy_interfaces/cmake/rosidl_cmake_export_typesupport_libraries-extras.cmake
[1.203s] -- Up-to-date: /home/aidan/GitHub/AidansRepo/TeensySwerve/install/tnsy_interfaces/share/tnsy_interfaces/cmake/tnsy_interfacesConfig.cmake
[1.203s] -- Up-to-date: /home/aidan/GitHub/AidansRepo/TeensySwerve/install/tnsy_interfaces/share/tnsy_interfaces/cmake/tnsy_interfacesConfig-version.cmake
[1.203s] -- Up-to-date: /home/aidan/GitHub/AidansRepo/TeensySwerve/install/tnsy_interfaces/share/tnsy_interfaces/package.xml
[1.206s] Invoked command in '/home/aidan/GitHub/AidansRepo/TeensySwerve/build/tnsy_interfaces' returned '0': CMAKE_PREFIX_PATH=${CMAKE_PREFIX_PATH}:/home/aidan/GitHub/AidansRepo/TeensySwerve/install/tnsy_swrv_controller:/opt/ros/humble /usr/bin/cmake --install /home/aidan/GitHub/AidansRepo/TeensySwerve/build/tnsy_interfaces
