[0.033s] Invoking command in '/home/aidan/GitHub/AidansRepo/TeensySwerve/build/tnsy_interfaces': CMAKE_PREFIX_PATH=${CMAKE_PREFIX_PATH}:/home/aidan/GitHub/AidansRepo/TeensySwerve/install/tnsy_swrv_controller:/opt/ros/humble /usr/bin/cmake --build /home/aidan/GitHub/AidansRepo/TeensySwerve/build/tnsy_interfaces -- -j4 -l4
[0.222s] [  3%] Built target ament_cmake_python_copy_tnsy_interfaces
[0.222s] [  3%] Built target tnsy_interfaces__cpp
[0.234s] [ 12%] Built target tnsy_interfaces__rosidl_generator_c
[0.361s] [ 22%] Built target tnsy_interfaces__rosidl_typesupport_introspection_cpp
[0.371s] [ 35%] Built target tnsy_interfaces__rosidl_typesupport_cpp
[0.371s] [ 41%] Built target tnsy_interfaces__rosidl_typesupport_fastrtps_cpp
[0.445s] [ 51%] Built target tnsy_interfaces__rosidl_typesupport_fastrtps_c
[0.485s] [ 61%] Built target tnsy_interfaces__rosidl_typesupport_c
[0.509s] [ 70%] Built target tnsy_interfaces__rosidl_typesupport_introspection_c
[0.594s] [ 70%] Built target tnsy_interfaces
[0.657s] [ 74%] Built target tnsy_interfaces__py
[0.732s] [ 80%] Built target tnsy_interfaces__rosidl_generator_py
[0.822s] [ 87%] Built target tnsy_interfaces__rosidl_typesupport_introspection_c__pyext
[0.835s] [ 93%] Built target tnsy_interfaces__rosidl_typesupport_c__pyext
[0.859s] [100%] Built target tnsy_interfaces__rosidl_typesupport_fastrtps_c__pyext
[1.372s] running egg_info
[1.373s] writing tnsy_interfaces.egg-info/PKG-INFO
[1.374s] writing dependency_links to tnsy_interfaces.egg-info/dependency_links.txt
[1.378s] writing top-level names to tnsy_interfaces.egg-info/top_level.txt
[1.381s] reading manifest file 'tnsy_interfaces.egg-info/SOURCES.txt'
[1.382s] writing manifest file 'tnsy_interfaces.egg-info/SOURCES.txt'
[1.447s] [100%] Built target ament_cmake_python_build_tnsy_interfaces_egg
[1.485s] Invoked command in '/home/aidan/GitHub/AidansRepo/TeensySwerve/build/tnsy_interfaces' returned '0': CMAKE_PREFIX_PATH=${CMAKE_PREFIX_PATH}:/home/aidan/GitHub/AidansRepo/TeensySwerve/install/tnsy_swrv_controller:/opt/ros/humble /usr/bin/cmake --build /home/aidan/GitHub/AidansRepo/TeensySwerve/build/tnsy_interfaces -- -j4 -l4
[1.717s] Invoking command in '/home/aidan/GitHub/AidansRepo/TeensySwerve/build/tnsy_interfaces': CMAKE_PREFIX_PATH=${CMAKE_PREFIX_PATH}:/home/aidan/GitHub/AidansRepo/TeensySwerve/install/tnsy_swrv_controller:/opt/ros/humble /usr/bin/cmake --install /home/aidan/GitHub/AidansRepo/TeensySwerve/build/tnsy_interfaces
[1.732s] -- Install configuration: ""
[1.733s] -- Up-to-date: /home/aidan/GitHub/AidansRepo/TeensySwerve/install/tnsy_interfaces/share/ament_index/resource_index/rosidl_interfaces/tnsy_interfaces
[1.733s] -- Up-to-date: /home/aidan/GitHub/AidansRepo/TeensySwerve/install/tnsy_interfaces/include/tnsy_interfaces/tnsy_interfaces
[1.733s] -- Up-to-date: /home/aidan/GitHub/AidansRepo/TeensySwerve/install/tnsy_interfaces/include/tnsy_interfaces/tnsy_interfaces/msg
[1.734s] -- Up-to-date: /home/aidan/GitHub/AidansRepo/TeensySwerve/install/tnsy_interfaces/include/tnsy_interfaces/tnsy_interfaces/msg/tnsy_controller.h
[1.735s] -- Up-to-date: /home/aidan/GitHub/AidansRepo/TeensySwerve/install/tnsy_interfaces/include/tnsy_interfaces/tnsy_interfaces/msg/rosidl_generator_c__visibility_control.h
[1.735s] -- Up-to-date: /home/aidan/GitHub/AidansRepo/TeensySwerve/install/tnsy_interfaces/include/tnsy_interfaces/tnsy_interfaces/msg/detail
[1.735s] -- Up-to-date: /home/aidan/GitHub/AidansRepo/TeensySwerve/install/tnsy_interfaces/include/tnsy_interfaces/tnsy_interfaces/msg/detail/tnsy_controller__struct.h
[1.735s] -- Up-to-date: /home/aidan/GitHub/AidansRepo/TeensySwerve/install/tnsy_interfaces/include/tnsy_interfaces/tnsy_interfaces/msg/detail/tnsy_controller__functions.h
[1.735s] -- Up-to-date: /home/aidan/GitHub/AidansRepo/TeensySwerve/install/tnsy_interfaces/include/tnsy_interfaces/tnsy_interfaces/msg/detail/tnsy_controller__functions.c
[1.735s] -- Up-to-date: /home/aidan/GitHub/AidansRepo/TeensySwerve/install/tnsy_interfaces/include/tnsy_interfaces/tnsy_interfaces/msg/detail/tnsy_controller__type_support.h
[1.737s] -- Up-to-date: /home/aidan/GitHub/AidansRepo/TeensySwerve/install/tnsy_interfaces/share/tnsy_interfaces/environment/library_path.sh
[1.737s] -- Up-to-date: /home/aidan/GitHub/AidansRepo/TeensySwerve/install/tnsy_interfaces/share/tnsy_interfaces/environment/library_path.dsv
[1.738s] -- Up-to-date: /home/aidan/GitHub/AidansRepo/TeensySwerve/install/tnsy_interfaces/lib/libtnsy_interfaces__rosidl_generator_c.so
[1.738s] -- Up-to-date: /home/aidan/GitHub/AidansRepo/TeensySwerve/install/tnsy_interfaces/include/tnsy_interfaces/tnsy_interfaces
[1.738s] -- Up-to-date: /home/aidan/GitHub/AidansRepo/TeensySwerve/install/tnsy_interfaces/include/tnsy_interfaces/tnsy_interfaces/msg
[1.739s] -- Up-to-date: /home/aidan/GitHub/AidansRepo/TeensySwerve/install/tnsy_interfaces/include/tnsy_interfaces/tnsy_interfaces/msg/rosidl_typesupport_fastrtps_c__visibility_control.h
[1.739s] -- Up-to-date: /home/aidan/GitHub/AidansRepo/TeensySwerve/install/tnsy_interfaces/include/tnsy_interfaces/tnsy_interfaces/msg/detail
[1.740s] -- Up-to-date: /home/aidan/GitHub/AidansRepo/TeensySwerve/install/tnsy_interfaces/include/tnsy_interfaces/tnsy_interfaces/msg/detail/tnsy_controller__rosidl_typesupport_fastrtps_c.h
[1.741s] -- Up-to-date: /home/aidan/GitHub/AidansRepo/TeensySwerve/install/tnsy_interfaces/lib/libtnsy_interfaces__rosidl_typesupport_fastrtps_c.so
[1.742s] -- Up-to-date: /home/aidan/GitHub/AidansRepo/TeensySwerve/install/tnsy_interfaces/include/tnsy_interfaces/tnsy_interfaces
[1.742s] -- Up-to-date: /home/aidan/GitHub/AidansRepo/TeensySwerve/install/tnsy_interfaces/include/tnsy_interfaces/tnsy_interfaces/msg
[1.743s] -- Up-to-date: /home/aidan/GitHub/AidansRepo/TeensySwerve/install/tnsy_interfaces/include/tnsy_interfaces/tnsy_interfaces/msg/detail
[1.744s] -- Up-to-date: /home/aidan/GitHub/AidansRepo/TeensySwerve/install/tnsy_interfaces/include/tnsy_interfaces/tnsy_interfaces/msg/detail/tnsy_controller__rosidl_typesupport_introspection_c.h
[1.745s] -- Up-to-date: /home/aidan/GitHub/AidansRepo/TeensySwerve/install/tnsy_interfaces/include/tnsy_interfaces/tnsy_interfaces/msg/detail/tnsy_controller__type_support.c
[1.745s] -- Up-to-date: /home/aidan/GitHub/AidansRepo/TeensySwerve/install/tnsy_interfaces/include/tnsy_interfaces/tnsy_interfaces/msg/rosidl_typesupport_introspection_c__visibility_control.h
[1.745s] -- Up-to-date: /home/aidan/GitHub/AidansRepo/TeensySwerve/install/tnsy_interfaces/lib/libtnsy_interfaces__rosidl_typesupport_introspection_c.so
[1.746s] -- Up-to-date: /home/aidan/GitHub/AidansRepo/TeensySwerve/install/tnsy_interfaces/lib/libtnsy_interfaces__rosidl_typesupport_c.so
[1.747s] -- Up-to-date: /home/aidan/GitHub/AidansRepo/TeensySwerve/install/tnsy_interfaces/include/tnsy_interfaces/tnsy_interfaces
[1.747s] -- Up-to-date: /home/aidan/GitHub/AidansRepo/TeensySwerve/install/tnsy_interfaces/include/tnsy_interfaces/tnsy_interfaces/msg
[1.748s] -- Up-to-date: /home/aidan/GitHub/AidansRepo/TeensySwerve/install/tnsy_interfaces/include/tnsy_interfaces/tnsy_interfaces/msg/tnsy_controller.hpp
[1.748s] -- Up-to-date: /home/aidan/GitHub/AidansRepo/TeensySwerve/install/tnsy_interfaces/include/tnsy_interfaces/tnsy_interfaces/msg/detail
[1.748s] -- Up-to-date: /home/aidan/GitHub/AidansRepo/TeensySwerve/install/tnsy_interfaces/include/tnsy_interfaces/tnsy_interfaces/msg/detail/tnsy_controller__traits.hpp
[1.749s] -- Up-to-date: /home/aidan/GitHub/AidansRepo/TeensySwerve/install/tnsy_interfaces/include/tnsy_interfaces/tnsy_interfaces/msg/detail/tnsy_controller__type_support.hpp
[1.750s] -- Up-to-date: /home/aidan/GitHub/AidansRepo/TeensySwerve/install/tnsy_interfaces/include/tnsy_interfaces/tnsy_interfaces/msg/detail/tnsy_controller__builder.hpp
[1.751s] -- Up-to-date: /home/aidan/GitHub/AidansRepo/TeensySwerve/install/tnsy_interfaces/include/tnsy_interfaces/tnsy_interfaces/msg/detail/tnsy_controller__struct.hpp
[1.752s] -- Up-to-date: /home/aidan/GitHub/AidansRepo/TeensySwerve/install/tnsy_interfaces/include/tnsy_interfaces/tnsy_interfaces/msg/rosidl_generator_cpp__visibility_control.hpp
[1.753s] -- Up-to-date: /home/aidan/GitHub/AidansRepo/TeensySwerve/install/tnsy_interfaces/include/tnsy_interfaces/tnsy_interfaces
[1.754s] -- Up-to-date: /home/aidan/GitHub/AidansRepo/TeensySwerve/install/tnsy_interfaces/include/tnsy_interfaces/tnsy_interfaces/msg
[1.755s] -- Up-to-date: /home/aidan/GitHub/AidansRepo/TeensySwerve/install/tnsy_interfaces/include/tnsy_interfaces/tnsy_interfaces/msg/rosidl_typesupport_fastrtps_cpp__visibility_control.h
[1.758s] -- Up-to-date: /home/aidan/GitHub/AidansRepo/TeensySwerve/install/tnsy_interfaces/include/tnsy_interfaces/tnsy_interfaces/msg/detail
[1.758s] -- Up-to-date: /home/aidan/GitHub/AidansRepo/TeensySwerve/install/tnsy_interfaces/include/tnsy_interfaces/tnsy_interfaces/msg/detail/dds_fastrtps
[1.758s] -- Up-to-date: /home/aidan/GitHub/AidansRepo/TeensySwerve/install/tnsy_interfaces/include/tnsy_interfaces/tnsy_interfaces/msg/detail/tnsy_controller__rosidl_typesupport_fastrtps_cpp.hpp
[1.758s] -- Up-to-date: /home/aidan/GitHub/AidansRepo/TeensySwerve/install/tnsy_interfaces/lib/libtnsy_interfaces__rosidl_typesupport_fastrtps_cpp.so
[1.758s] -- Up-to-date: /home/aidan/GitHub/AidansRepo/TeensySwerve/install/tnsy_interfaces/include/tnsy_interfaces/tnsy_interfaces
[1.759s] -- Up-to-date: /home/aidan/GitHub/AidansRepo/TeensySwerve/install/tnsy_interfaces/include/tnsy_interfaces/tnsy_interfaces/msg
[1.759s] -- Up-to-date: /home/aidan/GitHub/AidansRepo/TeensySwerve/install/tnsy_interfaces/include/tnsy_interfaces/tnsy_interfaces/msg/detail
[1.760s] -- Up-to-date: /home/aidan/GitHub/AidansRepo/TeensySwerve/install/tnsy_interfaces/include/tnsy_interfaces/tnsy_interfaces/msg/detail/tnsy_controller__type_support.cpp
[1.760s] -- Up-to-date: /home/aidan/GitHub/AidansRepo/TeensySwerve/install/tnsy_interfaces/include/tnsy_interfaces/tnsy_interfaces/msg/detail/tnsy_controller__rosidl_typesupport_introspection_cpp.hpp
[1.761s] -- Up-to-date: /home/aidan/GitHub/AidansRepo/TeensySwerve/install/tnsy_interfaces/lib/libtnsy_interfaces__rosidl_typesupport_introspection_cpp.so
[1.763s] -- Up-to-date: /home/aidan/GitHub/AidansRepo/TeensySwerve/install/tnsy_interfaces/lib/libtnsy_interfaces__rosidl_typesupport_cpp.so
[1.763s] -- Up-to-date: /home/aidan/GitHub/AidansRepo/TeensySwerve/install/tnsy_interfaces/share/tnsy_interfaces/environment/pythonpath.sh
[1.763s] -- Up-to-date: /home/aidan/GitHub/AidansRepo/TeensySwerve/install/tnsy_interfaces/share/tnsy_interfaces/environment/pythonpath.dsv
[1.764s] -- Up-to-date: /home/aidan/GitHub/AidansRepo/TeensySwerve/install/tnsy_interfaces/local/lib/python3.10/dist-packages/tnsy_interfaces-0.0.0-py3.10.egg-info
[1.764s] -- Installing: /home/aidan/GitHub/AidansRepo/TeensySwerve/install/tnsy_interfaces/local/lib/python3.10/dist-packages/tnsy_interfaces-0.0.0-py3.10.egg-info/PKG-INFO
[1.765s] -- Installing: /home/aidan/GitHub/AidansRepo/TeensySwerve/install/tnsy_interfaces/local/lib/python3.10/dist-packages/tnsy_interfaces-0.0.0-py3.10.egg-info/SOURCES.txt
[1.766s] -- Installing: /home/aidan/GitHub/AidansRepo/TeensySwerve/install/tnsy_interfaces/local/lib/python3.10/dist-packages/tnsy_interfaces-0.0.0-py3.10.egg-info/dependency_links.txt
[1.768s] -- Installing: /home/aidan/GitHub/AidansRepo/TeensySwerve/install/tnsy_interfaces/local/lib/python3.10/dist-packages/tnsy_interfaces-0.0.0-py3.10.egg-info/top_level.txt
[1.770s] -- Up-to-date: /home/aidan/GitHub/AidansRepo/TeensySwerve/install/tnsy_interfaces/local/lib/python3.10/dist-packages/tnsy_interfaces
[1.772s] -- Up-to-date: /home/aidan/GitHub/AidansRepo/TeensySwerve/install/tnsy_interfaces/local/lib/python3.10/dist-packages/tnsy_interfaces/_tnsy_interfaces_s.ep.rosidl_typesupport_fastrtps_c.c
[1.772s] -- Up-to-date: /home/aidan/GitHub/AidansRepo/TeensySwerve/install/tnsy_interfaces/local/lib/python3.10/dist-packages/tnsy_interfaces/_tnsy_interfaces_s.ep.rosidl_typesupport_c.c
[1.773s] -- Up-to-date: /home/aidan/GitHub/AidansRepo/TeensySwerve/install/tnsy_interfaces/local/lib/python3.10/dist-packages/tnsy_interfaces/__init__.py
[1.773s] -- Up-to-date: /home/aidan/GitHub/AidansRepo/TeensySwerve/install/tnsy_interfaces/local/lib/python3.10/dist-packages/tnsy_interfaces/msg
[1.773s] -- Up-to-date: /home/aidan/GitHub/AidansRepo/TeensySwerve/install/tnsy_interfaces/local/lib/python3.10/dist-packages/tnsy_interfaces/msg/_tnsy_controller.py
[1.775s] -- Up-to-date: /home/aidan/GitHub/AidansRepo/TeensySwerve/install/tnsy_interfaces/local/lib/python3.10/dist-packages/tnsy_interfaces/msg/__init__.py
[1.775s] -- Up-to-date: /home/aidan/GitHub/AidansRepo/TeensySwerve/install/tnsy_interfaces/local/lib/python3.10/dist-packages/tnsy_interfaces/msg/_tnsy_controller_s.c
[1.775s] -- Up-to-date: /home/aidan/GitHub/AidansRepo/TeensySwerve/install/tnsy_interfaces/local/lib/python3.10/dist-packages/tnsy_interfaces/tnsy_interfaces_s__rosidl_typesupport_c.cpython-310-x86_64-linux-gnu.so
[1.776s] -- Up-to-date: /home/aidan/GitHub/AidansRepo/TeensySwerve/install/tnsy_interfaces/local/lib/python3.10/dist-packages/tnsy_interfaces/libtnsy_interfaces__rosidl_generator_py.so
[1.776s] -- Up-to-date: /home/aidan/GitHub/AidansRepo/TeensySwerve/install/tnsy_interfaces/local/lib/python3.10/dist-packages/tnsy_interfaces/tnsy_interfaces_s__rosidl_typesupport_fastrtps_c.cpython-310-x86_64-linux-gnu.so
[1.776s] -- Up-to-date: /home/aidan/GitHub/AidansRepo/TeensySwerve/install/tnsy_interfaces/local/lib/python3.10/dist-packages/tnsy_interfaces/_tnsy_interfaces_s.ep.rosidl_typesupport_introspection_c.c
[1.776s] -- Up-to-date: /home/aidan/GitHub/AidansRepo/TeensySwerve/install/tnsy_interfaces/local/lib/python3.10/dist-packages/tnsy_interfaces/tnsy_interfaces_s__rosidl_typesupport_introspection_c.cpython-310-x86_64-linux-gnu.so
[1.858s] Listing '/home/aidan/GitHub/AidansRepo/TeensySwerve/install/tnsy_interfaces/local/lib/python3.10/dist-packages/tnsy_interfaces'...
[1.858s] Listing '/home/aidan/GitHub/AidansRepo/TeensySwerve/install/tnsy_interfaces/local/lib/python3.10/dist-packages/tnsy_interfaces/msg'...
[1.876s] -- Up-to-date: /home/aidan/GitHub/AidansRepo/TeensySwerve/install/tnsy_interfaces/local/lib/python3.10/dist-packages/tnsy_interfaces/tnsy_interfaces_s__rosidl_typesupport_fastrtps_c.cpython-310-x86_64-linux-gnu.so
[1.877s] -- Up-to-date: /home/aidan/GitHub/AidansRepo/TeensySwerve/install/tnsy_interfaces/local/lib/python3.10/dist-packages/tnsy_interfaces/tnsy_interfaces_s__rosidl_typesupport_introspection_c.cpython-310-x86_64-linux-gnu.so
[1.879s] -- Up-to-date: /home/aidan/GitHub/AidansRepo/TeensySwerve/install/tnsy_interfaces/local/lib/python3.10/dist-packages/tnsy_interfaces/tnsy_interfaces_s__rosidl_typesupport_c.cpython-310-x86_64-linux-gnu.so
[1.879s] -- Up-to-date: /home/aidan/GitHub/AidansRepo/TeensySwerve/install/tnsy_interfaces/lib/libtnsy_interfaces__rosidl_generator_py.so
[1.882s] -- Up-to-date: /home/aidan/GitHub/AidansRepo/TeensySwerve/install/tnsy_interfaces/share/tnsy_interfaces/msg/TnsyController.idl
[1.885s] -- Up-to-date: /home/aidan/GitHub/AidansRepo/TeensySwerve/install/tnsy_interfaces/share/tnsy_interfaces/msg/TnsyController.msg
[1.886s] -- Up-to-date: /home/aidan/GitHub/AidansRepo/TeensySwerve/install/tnsy_interfaces/share/ament_index/resource_index/package_run_dependencies/tnsy_interfaces
[1.888s] -- Up-to-date: /home/aidan/GitHub/AidansRepo/TeensySwerve/install/tnsy_interfaces/share/ament_index/resource_index/parent_prefix_path/tnsy_interfaces
[1.888s] -- Up-to-date: /home/aidan/GitHub/AidansRepo/TeensySwerve/install/tnsy_interfaces/share/tnsy_interfaces/environment/ament_prefix_path.sh
[1.888s] -- Up-to-date: /home/aidan/GitHub/AidansRepo/TeensySwerve/install/tnsy_interfaces/share/tnsy_interfaces/environment/ament_prefix_path.dsv
[1.888s] -- Up-to-date: /home/aidan/GitHub/AidansRepo/TeensySwerve/install/tnsy_interfaces/share/tnsy_interfaces/environment/path.sh
[1.888s] -- Up-to-date: /home/aidan/GitHub/AidansRepo/TeensySwerve/install/tnsy_interfaces/share/tnsy_interfaces/environment/path.dsv
[1.889s] -- Up-to-date: /home/aidan/GitHub/AidansRepo/TeensySwerve/install/tnsy_interfaces/share/tnsy_interfaces/local_setup.bash
[1.889s] -- Up-to-date: /home/aidan/GitHub/AidansRepo/TeensySwerve/install/tnsy_interfaces/share/tnsy_interfaces/local_setup.sh
[1.889s] -- Up-to-date: /home/aidan/GitHub/AidansRepo/TeensySwerve/install/tnsy_interfaces/share/tnsy_interfaces/local_setup.zsh
[1.890s] -- Up-to-date: /home/aidan/GitHub/AidansRepo/TeensySwerve/install/tnsy_interfaces/share/tnsy_interfaces/local_setup.dsv
[1.891s] -- Installing: /home/aidan/GitHub/AidansRepo/TeensySwerve/install/tnsy_interfaces/share/tnsy_interfaces/package.dsv
[1.891s] -- Up-to-date: /home/aidan/GitHub/AidansRepo/TeensySwerve/install/tnsy_interfaces/share/ament_index/resource_index/packages/tnsy_interfaces
[1.891s] -- Up-to-date: /home/aidan/GitHub/AidansRepo/TeensySwerve/install/tnsy_interfaces/share/tnsy_interfaces/cmake/export_tnsy_interfaces__rosidl_generator_cExport.cmake
[1.892s] -- Up-to-date: /home/aidan/GitHub/AidansRepo/TeensySwerve/install/tnsy_interfaces/share/tnsy_interfaces/cmake/export_tnsy_interfaces__rosidl_generator_cExport-noconfig.cmake
[1.893s] -- Up-to-date: /home/aidan/GitHub/AidansRepo/TeensySwerve/install/tnsy_interfaces/share/tnsy_interfaces/cmake/export_tnsy_interfaces__rosidl_typesupport_fastrtps_cExport.cmake
[1.894s] -- Up-to-date: /home/aidan/GitHub/AidansRepo/TeensySwerve/install/tnsy_interfaces/share/tnsy_interfaces/cmake/export_tnsy_interfaces__rosidl_typesupport_fastrtps_cExport-noconfig.cmake
[1.894s] -- Up-to-date: /home/aidan/GitHub/AidansRepo/TeensySwerve/install/tnsy_interfaces/share/tnsy_interfaces/cmake/tnsy_interfaces__rosidl_typesupport_introspection_cExport.cmake
[1.895s] -- Up-to-date: /home/aidan/GitHub/AidansRepo/TeensySwerve/install/tnsy_interfaces/share/tnsy_interfaces/cmake/tnsy_interfaces__rosidl_typesupport_introspection_cExport-noconfig.cmake
[1.896s] -- Up-to-date: /home/aidan/GitHub/AidansRepo/TeensySwerve/install/tnsy_interfaces/share/tnsy_interfaces/cmake/tnsy_interfaces__rosidl_typesupport_cExport.cmake
[1.897s] -- Up-to-date: /home/aidan/GitHub/AidansRepo/TeensySwerve/install/tnsy_interfaces/share/tnsy_interfaces/cmake/tnsy_interfaces__rosidl_typesupport_cExport-noconfig.cmake
[1.899s] -- Up-to-date: /home/aidan/GitHub/AidansRepo/TeensySwerve/install/tnsy_interfaces/share/tnsy_interfaces/cmake/export_tnsy_interfaces__rosidl_generator_cppExport.cmake
[1.900s] -- Up-to-date: /home/aidan/GitHub/AidansRepo/TeensySwerve/install/tnsy_interfaces/share/tnsy_interfaces/cmake/export_tnsy_interfaces__rosidl_typesupport_fastrtps_cppExport.cmake
[1.902s] -- Up-to-date: /home/aidan/GitHub/AidansRepo/TeensySwerve/install/tnsy_interfaces/share/tnsy_interfaces/cmake/export_tnsy_interfaces__rosidl_typesupport_fastrtps_cppExport-noconfig.cmake
[1.904s] -- Up-to-date: /home/aidan/GitHub/AidansRepo/TeensySwerve/install/tnsy_interfaces/share/tnsy_interfaces/cmake/tnsy_interfaces__rosidl_typesupport_introspection_cppExport.cmake
[1.905s] -- Up-to-date: /home/aidan/GitHub/AidansRepo/TeensySwerve/install/tnsy_interfaces/share/tnsy_interfaces/cmake/tnsy_interfaces__rosidl_typesupport_introspection_cppExport-noconfig.cmake
[1.906s] -- Up-to-date: /home/aidan/GitHub/AidansRepo/TeensySwerve/install/tnsy_interfaces/share/tnsy_interfaces/cmake/tnsy_interfaces__rosidl_typesupport_cppExport.cmake
[1.906s] -- Up-to-date: /home/aidan/GitHub/AidansRepo/TeensySwerve/install/tnsy_interfaces/share/tnsy_interfaces/cmake/tnsy_interfaces__rosidl_typesupport_cppExport-noconfig.cmake
[1.906s] -- Up-to-date: /home/aidan/GitHub/AidansRepo/TeensySwerve/install/tnsy_interfaces/share/tnsy_interfaces/cmake/export_tnsy_interfaces__rosidl_generator_pyExport.cmake
[1.907s] -- Up-to-date: /home/aidan/GitHub/AidansRepo/TeensySwerve/install/tnsy_interfaces/share/tnsy_interfaces/cmake/export_tnsy_interfaces__rosidl_generator_pyExport-noconfig.cmake
[1.908s] -- Up-to-date: /home/aidan/GitHub/AidansRepo/TeensySwerve/install/tnsy_interfaces/share/tnsy_interfaces/cmake/rosidl_cmake-extras.cmake
[1.908s] -- Up-to-date: /home/aidan/GitHub/AidansRepo/TeensySwerve/install/tnsy_interfaces/share/tnsy_interfaces/cmake/ament_cmake_export_include_directories-extras.cmake
[1.909s] -- Up-to-date: /home/aidan/GitHub/AidansRepo/TeensySwerve/install/tnsy_interfaces/share/tnsy_interfaces/cmake/ament_cmake_export_libraries-extras.cmake
[1.909s] -- Up-to-date: /home/aidan/GitHub/AidansRepo/TeensySwerve/install/tnsy_interfaces/share/tnsy_interfaces/cmake/ament_cmake_export_targets-extras.cmake
[1.910s] -- Up-to-date: /home/aidan/GitHub/AidansRepo/TeensySwerve/install/tnsy_interfaces/share/tnsy_interfaces/cmake/rosidl_cmake_export_typesupport_targets-extras.cmake
[1.910s] -- Up-to-date: /home/aidan/GitHub/AidansRepo/TeensySwerve/install/tnsy_interfaces/share/tnsy_interfaces/cmake/ament_cmake_export_dependencies-extras.cmake
[1.911s] -- Up-to-date: /home/aidan/GitHub/AidansRepo/TeensySwerve/install/tnsy_interfaces/share/tnsy_interfaces/cmake/rosidl_cmake_export_typesupport_libraries-extras.cmake
[1.912s] -- Up-to-date: /home/aidan/GitHub/AidansRepo/TeensySwerve/install/tnsy_interfaces/share/tnsy_interfaces/cmake/tnsy_interfacesConfig.cmake
[1.912s] -- Up-to-date: /home/aidan/GitHub/AidansRepo/TeensySwerve/install/tnsy_interfaces/share/tnsy_interfaces/cmake/tnsy_interfacesConfig-version.cmake
[1.913s] -- Up-to-date: /home/aidan/GitHub/AidansRepo/TeensySwerve/install/tnsy_interfaces/share/tnsy_interfaces/package.xml
[1.920s] Invoked command in '/home/aidan/GitHub/AidansRepo/TeensySwerve/build/tnsy_interfaces' returned '0': CMAKE_PREFIX_PATH=${CMAKE_PREFIX_PATH}:/home/aidan/GitHub/AidansRepo/TeensySwerve/install/tnsy_swrv_controller:/opt/ros/humble /usr/bin/cmake --install /home/aidan/GitHub/AidansRepo/TeensySwerve/build/tnsy_interfaces
