[2.483s] Invoking command in '/home/aidan/GitHub/AidansRepo/TeensySwerve/build/tnsy_swrv_controller': PYTHONPATH=/home/aidan/GitHub/AidansRepo/TeensySwerve/build/tnsy_swrv_controller/prefix_override:/home/aidan/GitHub/AidansRepo/TeensySwerve/install/tnsy_swrv_controller/lib/python3.10/site-packages:${PYTHONPATH} /usr/bin/python3 -W ignore:setup.py install is deprecated setup.py develop --editable --build-directory /home/aidan/GitHub/AidansRepo/TeensySwerve/build/tnsy_swrv_controller/build --no-deps symlink_data --force
[3.651s] running develop
[4.342s] running egg_info
[4.343s] writing tnsy_swrv_controller.egg-info/PKG-INFO
[4.343s] writing dependency_links to tnsy_swrv_controller.egg-info/dependency_links.txt
[4.344s] writing entry points to tnsy_swrv_controller.egg-info/entry_points.txt
[4.344s] writing requirements to tnsy_swrv_controller.egg-info/requires.txt
[4.344s] writing top-level names to tnsy_swrv_controller.egg-info/top_level.txt
[4.349s] reading manifest file 'tnsy_swrv_controller.egg-info/SOURCES.txt'
[4.356s] writing manifest file 'tnsy_swrv_controller.egg-info/SOURCES.txt'
[4.360s] running build_ext
[4.360s] Creating /home/aidan/GitHub/AidansRepo/TeensySwerve/install/tnsy_swrv_controller/lib/python3.10/site-packages/tnsy-swrv-controller.egg-link (link to .)
[4.362s] Installing joy_translator script to /home/aidan/GitHub/AidansRepo/TeensySwerve/install/tnsy_swrv_controller/lib/tnsy_swrv_controller
[4.362s] Installing pub script to /home/aidan/GitHub/AidansRepo/TeensySwerve/install/tnsy_swrv_controller/lib/tnsy_swrv_controller
[4.363s] Installing sub script to /home/aidan/GitHub/AidansRepo/TeensySwerve/install/tnsy_swrv_controller/lib/tnsy_swrv_controller
[4.363s] Installing test_node script to /home/aidan/GitHub/AidansRepo/TeensySwerve/install/tnsy_swrv_controller/lib/tnsy_swrv_controller
[4.363s] 
[4.364s] Installed /home/aidan/GitHub/AidansRepo/TeensySwerve/build/tnsy_swrv_controller
[4.364s] running symlink_data
[4.364s] symbolically linking /home/aidan/GitHub/AidansRepo/TeensySwerve/build/tnsy_swrv_controller/resource/tnsy_swrv_controller -> /home/aidan/GitHub/AidansRepo/TeensySwerve/install/tnsy_swrv_controller/share/ament_index/resource_index/packages
[4.365s] symbolically linking /home/aidan/GitHub/AidansRepo/TeensySwerve/build/tnsy_swrv_controller/package.xml -> /home/aidan/GitHub/AidansRepo/TeensySwerve/install/tnsy_swrv_controller/share/tnsy_swrv_controller
[4.365s] symbolically linking /home/aidan/GitHub/AidansRepo/TeensySwerve/build/tnsy_swrv_controller/launch/tnsy_swrv.launch.py -> /home/aidan/GitHub/AidansRepo/TeensySwerve/install/tnsy_swrv_controller/share/tnsy_swrv_controller/launch
[4.365s] symbolically linking /home/aidan/GitHub/AidansRepo/TeensySwerve/build/tnsy_swrv_controller/config/tnsy_swrv.yaml -> /home/aidan/GitHub/AidansRepo/TeensySwerve/install/tnsy_swrv_controller/share/tnsy_swrv_controller/config
[4.484s] Invoked command in '/home/aidan/GitHub/AidansRepo/TeensySwerve/build/tnsy_swrv_controller' returned '0': PYTHONPATH=/home/aidan/GitHub/AidansRepo/TeensySwerve/build/tnsy_swrv_controller/prefix_override:/home/aidan/GitHub/AidansRepo/TeensySwerve/install/tnsy_swrv_controller/lib/python3.10/site-packages:${PYTHONPATH} /usr/bin/python3 -W ignore:setup.py install is deprecated setup.py develop --editable --build-directory /home/aidan/GitHub/AidansRepo/TeensySwerve/build/tnsy_swrv_controller/build --no-deps symlink_data --force
