[2.771s] Invoking command in '/home/aidan/GitHub/AidansRepo/TeensySwerve/build/tnsy_swrv_controller': PYTHONPATH=/home/aidan/GitHub/AidansRepo/TeensySwerve/build/tnsy_swrv_controller/prefix_override:/home/aidan/GitHub/AidansRepo/TeensySwerve/install/tnsy_swrv_controller/lib/python3.10/site-packages:${PYTHONPATH} /usr/bin/python3 -W ignore:setup.py install is deprecated setup.py develop --editable --build-directory /home/aidan/GitHub/AidansRepo/TeensySwerve/build/tnsy_swrv_controller/build --no-deps symlink_data --force
[3.956s] running develop
[4.450s] running egg_info
[4.450s] writing tnsy_swrv_controller.egg-info/PKG-INFO
[4.451s] writing dependency_links to tnsy_swrv_controller.egg-info/dependency_links.txt
[4.451s] writing entry points to tnsy_swrv_controller.egg-info/entry_points.txt
[4.451s] writing requirements to tnsy_swrv_controller.egg-info/requires.txt
[4.452s] writing top-level names to tnsy_swrv_controller.egg-info/top_level.txt
[4.456s] reading manifest file 'tnsy_swrv_controller.egg-info/SOURCES.txt'
[4.460s] writing manifest file 'tnsy_swrv_controller.egg-info/SOURCES.txt'
[4.466s] running build_ext
[4.470s] Creating /home/aidan/GitHub/AidansRepo/TeensySwerve/install/tnsy_swrv_controller/lib/python3.10/site-packages/tnsy-swrv-controller.egg-link (link to .)
[4.472s] Installing joy_translator script to /home/aidan/GitHub/AidansRepo/TeensySwerve/install/tnsy_swrv_controller/lib/tnsy_swrv_controller
[4.473s] Installing pub script to /home/aidan/GitHub/AidansRepo/TeensySwerve/install/tnsy_swrv_controller/lib/tnsy_swrv_controller
[4.474s] Installing sub script to /home/aidan/GitHub/AidansRepo/TeensySwerve/install/tnsy_swrv_controller/lib/tnsy_swrv_controller
[4.474s] Installing test_node script to /home/aidan/GitHub/AidansRepo/TeensySwerve/install/tnsy_swrv_controller/lib/tnsy_swrv_controller
[4.474s] 
[4.475s] Installed /home/aidan/GitHub/AidansRepo/TeensySwerve/build/tnsy_swrv_controller
[4.475s] running symlink_data
[4.475s] symbolically linking /home/aidan/GitHub/AidansRepo/TeensySwerve/build/tnsy_swrv_controller/resource/tnsy_swrv_controller -> /home/aidan/GitHub/AidansRepo/TeensySwerve/install/tnsy_swrv_controller/share/ament_index/resource_index/packages
[4.476s] symbolically linking /home/aidan/GitHub/AidansRepo/TeensySwerve/build/tnsy_swrv_controller/package.xml -> /home/aidan/GitHub/AidansRepo/TeensySwerve/install/tnsy_swrv_controller/share/tnsy_swrv_controller
[4.477s] symbolically linking /home/aidan/GitHub/AidansRepo/TeensySwerve/build/tnsy_swrv_controller/launch/tnsy_swrv.launch.py -> /home/aidan/GitHub/AidansRepo/TeensySwerve/install/tnsy_swrv_controller/share/tnsy_swrv_controller/launch
[4.479s] symbolically linking /home/aidan/GitHub/AidansRepo/TeensySwerve/build/tnsy_swrv_controller/config/tnsy_swrv.yaml -> /home/aidan/GitHub/AidansRepo/TeensySwerve/install/tnsy_swrv_controller/share/tnsy_swrv_controller/config
[4.556s] Invoked command in '/home/aidan/GitHub/AidansRepo/TeensySwerve/build/tnsy_swrv_controller' returned '0': PYTHONPATH=/home/aidan/GitHub/AidansRepo/TeensySwerve/build/tnsy_swrv_controller/prefix_override:/home/aidan/GitHub/AidansRepo/TeensySwerve/install/tnsy_swrv_controller/lib/python3.10/site-packages:${PYTHONPATH} /usr/bin/python3 -W ignore:setup.py install is deprecated setup.py develop --editable --build-directory /home/aidan/GitHub/AidansRepo/TeensySwerve/build/tnsy_swrv_controller/build --no-deps symlink_data --force
