[0.030s] Invoking command in '/home/aidan/GitHub/AidansRepo/TeensySwerve/build/tnsy_interfaces': CMAKE_PREFIX_PATH=${CMAKE_PREFIX_PATH}:/home/aidan/GitHub/AidansRepo/TeensySwerve/install/tnsy_swrv_controller:/opt/ros/humble /usr/bin/cmake --build /home/aidan/GitHub/AidansRepo/TeensySwerve/build/tnsy_interfaces -- -j4 -l4
[0.160s] [  9%] Built target tnsy_interfaces__rosidl_generator_c
[0.164s] [ 12%] Built target tnsy_interfaces__cpp
[0.208s] [ 12%] Built target ament_cmake_python_copy_tnsy_interfaces
[0.256s] [ 22%] Built target tnsy_interfaces__rosidl_typesupport_c
[0.263s] [ 32%] Built target tnsy_interfaces__rosidl_typesupport_introspection_c
[0.265s] [ 41%] Built target tnsy_interfaces__rosidl_typesupport_fastrtps_c
[0.297s] [ 51%] Built target tnsy_interfaces__rosidl_typesupport_fastrtps_cpp
[0.331s] [ 61%] Built target tnsy_interfaces__rosidl_typesupport_cpp
[0.335s] [ 70%] Built target tnsy_interfaces__rosidl_typesupport_introspection_cpp
[0.414s] [ 70%] Built target tnsy_interfaces
[0.485s] [ 74%] Built target tnsy_interfaces__py
[0.579s] [ 80%] Built target tnsy_interfaces__rosidl_generator_py
[0.709s] [ 87%] Built target tnsy_interfaces__rosidl_typesupport_fastrtps_c__pyext
[0.709s] [ 93%] Built target tnsy_interfaces__rosidl_typesupport_introspection_c__pyext
[0.713s] [100%] Built target tnsy_interfaces__rosidl_typesupport_c__pyext
[1.440s] running egg_info
[1.444s] writing tnsy_interfaces.egg-info/PKG-INFO
[1.448s] writing dependency_links to tnsy_interfaces.egg-info/dependency_links.txt
[1.449s] writing top-level names to tnsy_interfaces.egg-info/top_level.txt
[1.459s] reading manifest file 'tnsy_interfaces.egg-info/SOURCES.txt'
[1.462s] writing manifest file 'tnsy_interfaces.egg-info/SOURCES.txt'
[1.577s] [100%] Built target ament_cmake_python_build_tnsy_interfaces_egg
[1.621s] Invoked command in '/home/aidan/GitHub/AidansRepo/TeensySwerve/build/tnsy_interfaces' returned '0': CMAKE_PREFIX_PATH=${CMAKE_PREFIX_PATH}:/home/aidan/GitHub/AidansRepo/TeensySwerve/install/tnsy_swrv_controller:/opt/ros/humble /usr/bin/cmake --build /home/aidan/GitHub/AidansRepo/TeensySwerve/build/tnsy_interfaces -- -j4 -l4
[1.928s] Invoking command in '/home/aidan/GitHub/AidansRepo/TeensySwerve/build/tnsy_interfaces': CMAKE_PREFIX_PATH=${CMAKE_PREFIX_PATH}:/home/aidan/GitHub/AidansRepo/TeensySwerve/install/tnsy_swrv_controller:/opt/ros/humble /usr/bin/cmake --install /home/aidan/GitHub/AidansRepo/TeensySwerve/build/tnsy_interfaces
[1.955s] -- Install configuration: ""
[1.959s] -- Up-to-date: /home/aidan/GitHub/AidansRepo/TeensySwerve/install/tnsy_interfaces/share/ament_index/resource_index/rosidl_interfaces/tnsy_interfaces
[1.959s] -- Up-to-date: /home/aidan/GitHub/AidansRepo/TeensySwerve/install/tnsy_interfaces/include/tnsy_interfaces/tnsy_interfaces
[1.959s] -- Up-to-date: /home/aidan/GitHub/AidansRepo/TeensySwerve/install/tnsy_interfaces/include/tnsy_interfaces/tnsy_interfaces/msg
[1.960s] -- Up-to-date: /home/aidan/GitHub/AidansRepo/TeensySwerve/install/tnsy_interfaces/include/tnsy_interfaces/tnsy_interfaces/msg/tnsy_controller.h
[1.961s] -- Up-to-date: /home/aidan/GitHub/AidansRepo/TeensySwerve/install/tnsy_interfaces/include/tnsy_interfaces/tnsy_interfaces/msg/rosidl_generator_c__visibility_control.h
[1.964s] -- Up-to-date: /home/aidan/GitHub/AidansRepo/TeensySwerve/install/tnsy_interfaces/include/tnsy_interfaces/tnsy_interfaces/msg/detail
[1.964s] -- Up-to-date: /home/aidan/GitHub/AidansRepo/TeensySwerve/install/tnsy_interfaces/include/tnsy_interfaces/tnsy_interfaces/msg/detail/tnsy_controller__struct.h
[1.964s] -- Up-to-date: /home/aidan/GitHub/AidansRepo/TeensySwerve/install/tnsy_interfaces/include/tnsy_interfaces/tnsy_interfaces/msg/detail/tnsy_controller__functions.h
[1.968s] -- Up-to-date: /home/aidan/GitHub/AidansRepo/TeensySwerve/install/tnsy_interfaces/include/tnsy_interfaces/tnsy_interfaces/msg/detail/tnsy_controller__functions.c
[1.969s] -- Up-to-date: /home/aidan/GitHub/AidansRepo/TeensySwerve/install/tnsy_interfaces/include/tnsy_interfaces/tnsy_interfaces/msg/detail/tnsy_controller__type_support.h
[1.970s] -- Up-to-date: /home/aidan/GitHub/AidansRepo/TeensySwerve/install/tnsy_interfaces/share/tnsy_interfaces/environment/library_path.sh
[1.972s] -- Up-to-date: /home/aidan/GitHub/AidansRepo/TeensySwerve/install/tnsy_interfaces/share/tnsy_interfaces/environment/library_path.dsv
[1.975s] -- Up-to-date: /home/aidan/GitHub/AidansRepo/TeensySwerve/install/tnsy_interfaces/lib/libtnsy_interfaces__rosidl_generator_c.so
[1.975s] -- Up-to-date: /home/aidan/GitHub/AidansRepo/TeensySwerve/install/tnsy_interfaces/include/tnsy_interfaces/tnsy_interfaces
[1.975s] -- Up-to-date: /home/aidan/GitHub/AidansRepo/TeensySwerve/install/tnsy_interfaces/include/tnsy_interfaces/tnsy_interfaces/msg
[1.975s] -- Up-to-date: /home/aidan/GitHub/AidansRepo/TeensySwerve/install/tnsy_interfaces/include/tnsy_interfaces/tnsy_interfaces/msg/rosidl_typesupport_fastrtps_c__visibility_control.h
[1.975s] -- Up-to-date: /home/aidan/GitHub/AidansRepo/TeensySwerve/install/tnsy_interfaces/include/tnsy_interfaces/tnsy_interfaces/msg/detail
[1.975s] -- Up-to-date: /home/aidan/GitHub/AidansRepo/TeensySwerve/install/tnsy_interfaces/include/tnsy_interfaces/tnsy_interfaces/msg/detail/tnsy_controller__rosidl_typesupport_fastrtps_c.h
[1.976s] -- Up-to-date: /home/aidan/GitHub/AidansRepo/TeensySwerve/install/tnsy_interfaces/lib/libtnsy_interfaces__rosidl_typesupport_fastrtps_c.so
[1.976s] -- Up-to-date: /home/aidan/GitHub/AidansRepo/TeensySwerve/install/tnsy_interfaces/include/tnsy_interfaces/tnsy_interfaces
[1.976s] -- Up-to-date: /home/aidan/GitHub/AidansRepo/TeensySwerve/install/tnsy_interfaces/include/tnsy_interfaces/tnsy_interfaces/msg
[1.976s] -- Up-to-date: /home/aidan/GitHub/AidansRepo/TeensySwerve/install/tnsy_interfaces/include/tnsy_interfaces/tnsy_interfaces/msg/detail
[1.976s] -- Up-to-date: /home/aidan/GitHub/AidansRepo/TeensySwerve/install/tnsy_interfaces/include/tnsy_interfaces/tnsy_interfaces/msg/detail/tnsy_controller__rosidl_typesupport_introspection_c.h
[1.976s] -- Up-to-date: /home/aidan/GitHub/AidansRepo/TeensySwerve/install/tnsy_interfaces/include/tnsy_interfaces/tnsy_interfaces/msg/detail/tnsy_controller__type_support.c
[1.979s] -- Up-to-date: /home/aidan/GitHub/AidansRepo/TeensySwerve/install/tnsy_interfaces/include/tnsy_interfaces/tnsy_interfaces/msg/rosidl_typesupport_introspection_c__visibility_control.h
[1.980s] -- Up-to-date: /home/aidan/GitHub/AidansRepo/TeensySwerve/install/tnsy_interfaces/lib/libtnsy_interfaces__rosidl_typesupport_introspection_c.so
[1.982s] -- Up-to-date: /home/aidan/GitHub/AidansRepo/TeensySwerve/install/tnsy_interfaces/lib/libtnsy_interfaces__rosidl_typesupport_c.so
[1.983s] -- Up-to-date: /home/aidan/GitHub/AidansRepo/TeensySwerve/install/tnsy_interfaces/include/tnsy_interfaces/tnsy_interfaces
[1.985s] -- Up-to-date: /home/aidan/GitHub/AidansRepo/TeensySwerve/install/tnsy_interfaces/include/tnsy_interfaces/tnsy_interfaces/msg
[1.989s] -- Up-to-date: /home/aidan/GitHub/AidansRepo/TeensySwerve/install/tnsy_interfaces/include/tnsy_interfaces/tnsy_interfaces/msg/tnsy_controller.hpp
[1.990s] -- Up-to-date: /home/aidan/GitHub/AidansRepo/TeensySwerve/install/tnsy_interfaces/include/tnsy_interfaces/tnsy_interfaces/msg/detail
[1.991s] -- Up-to-date: /home/aidan/GitHub/AidansRepo/TeensySwerve/install/tnsy_interfaces/include/tnsy_interfaces/tnsy_interfaces/msg/detail/tnsy_controller__traits.hpp
[1.991s] -- Up-to-date: /home/aidan/GitHub/AidansRepo/TeensySwerve/install/tnsy_interfaces/include/tnsy_interfaces/tnsy_interfaces/msg/detail/tnsy_controller__type_support.hpp
[1.991s] -- Up-to-date: /home/aidan/GitHub/AidansRepo/TeensySwerve/install/tnsy_interfaces/include/tnsy_interfaces/tnsy_interfaces/msg/detail/tnsy_controller__builder.hpp
[1.992s] -- Up-to-date: /home/aidan/GitHub/AidansRepo/TeensySwerve/install/tnsy_interfaces/include/tnsy_interfaces/tnsy_interfaces/msg/detail/tnsy_controller__struct.hpp
[1.993s] -- Up-to-date: /home/aidan/GitHub/AidansRepo/TeensySwerve/install/tnsy_interfaces/include/tnsy_interfaces/tnsy_interfaces/msg/rosidl_generator_cpp__visibility_control.hpp
[1.993s] -- Up-to-date: /home/aidan/GitHub/AidansRepo/TeensySwerve/install/tnsy_interfaces/include/tnsy_interfaces/tnsy_interfaces
[1.994s] -- Up-to-date: /home/aidan/GitHub/AidansRepo/TeensySwerve/install/tnsy_interfaces/include/tnsy_interfaces/tnsy_interfaces/msg
[1.994s] -- Up-to-date: /home/aidan/GitHub/AidansRepo/TeensySwerve/install/tnsy_interfaces/include/tnsy_interfaces/tnsy_interfaces/msg/rosidl_typesupport_fastrtps_cpp__visibility_control.h
[1.994s] -- Up-to-date: /home/aidan/GitHub/AidansRepo/TeensySwerve/install/tnsy_interfaces/include/tnsy_interfaces/tnsy_interfaces/msg/detail
[1.995s] -- Up-to-date: /home/aidan/GitHub/AidansRepo/TeensySwerve/install/tnsy_interfaces/include/tnsy_interfaces/tnsy_interfaces/msg/detail/dds_fastrtps
[1.996s] -- Up-to-date: /home/aidan/GitHub/AidansRepo/TeensySwerve/install/tnsy_interfaces/include/tnsy_interfaces/tnsy_interfaces/msg/detail/tnsy_controller__rosidl_typesupport_fastrtps_cpp.hpp
[1.996s] -- Up-to-date: /home/aidan/GitHub/AidansRepo/TeensySwerve/install/tnsy_interfaces/lib/libtnsy_interfaces__rosidl_typesupport_fastrtps_cpp.so
[1.996s] -- Up-to-date: /home/aidan/GitHub/AidansRepo/TeensySwerve/install/tnsy_interfaces/include/tnsy_interfaces/tnsy_interfaces
[1.996s] -- Up-to-date: /home/aidan/GitHub/AidansRepo/TeensySwerve/install/tnsy_interfaces/include/tnsy_interfaces/tnsy_interfaces/msg
[1.996s] -- Up-to-date: /home/aidan/GitHub/AidansRepo/TeensySwerve/install/tnsy_interfaces/include/tnsy_interfaces/tnsy_interfaces/msg/detail
[1.997s] -- Up-to-date: /home/aidan/GitHub/AidansRepo/TeensySwerve/install/tnsy_interfaces/include/tnsy_interfaces/tnsy_interfaces/msg/detail/tnsy_controller__type_support.cpp
[1.997s] -- Up-to-date: /home/aidan/GitHub/AidansRepo/TeensySwerve/install/tnsy_interfaces/include/tnsy_interfaces/tnsy_interfaces/msg/detail/tnsy_controller__rosidl_typesupport_introspection_cpp.hpp
[1.997s] -- Up-to-date: /home/aidan/GitHub/AidansRepo/TeensySwerve/install/tnsy_interfaces/lib/libtnsy_interfaces__rosidl_typesupport_introspection_cpp.so
[2.000s] -- Up-to-date: /home/aidan/GitHub/AidansRepo/TeensySwerve/install/tnsy_interfaces/lib/libtnsy_interfaces__rosidl_typesupport_cpp.so
[2.001s] -- Up-to-date: /home/aidan/GitHub/AidansRepo/TeensySwerve/install/tnsy_interfaces/share/tnsy_interfaces/environment/pythonpath.sh
[2.001s] -- Up-to-date: /home/aidan/GitHub/AidansRepo/TeensySwerve/install/tnsy_interfaces/share/tnsy_interfaces/environment/pythonpath.dsv
[2.002s] -- Up-to-date: /home/aidan/GitHub/AidansRepo/TeensySwerve/install/tnsy_interfaces/local/lib/python3.10/dist-packages/tnsy_interfaces-0.0.0-py3.10.egg-info
[2.003s] -- Installing: /home/aidan/GitHub/AidansRepo/TeensySwerve/install/tnsy_interfaces/local/lib/python3.10/dist-packages/tnsy_interfaces-0.0.0-py3.10.egg-info/PKG-INFO
[2.003s] -- Installing: /home/aidan/GitHub/AidansRepo/TeensySwerve/install/tnsy_interfaces/local/lib/python3.10/dist-packages/tnsy_interfaces-0.0.0-py3.10.egg-info/SOURCES.txt
[2.006s] -- Installing: /home/aidan/GitHub/AidansRepo/TeensySwerve/install/tnsy_interfaces/local/lib/python3.10/dist-packages/tnsy_interfaces-0.0.0-py3.10.egg-info/dependency_links.txt
[2.008s] -- Installing: /home/aidan/GitHub/AidansRepo/TeensySwerve/install/tnsy_interfaces/local/lib/python3.10/dist-packages/tnsy_interfaces-0.0.0-py3.10.egg-info/top_level.txt
[2.009s] -- Up-to-date: /home/aidan/GitHub/AidansRepo/TeensySwerve/install/tnsy_interfaces/local/lib/python3.10/dist-packages/tnsy_interfaces
[2.011s] -- Up-to-date: /home/aidan/GitHub/AidansRepo/TeensySwerve/install/tnsy_interfaces/local/lib/python3.10/dist-packages/tnsy_interfaces/_tnsy_interfaces_s.ep.rosidl_typesupport_fastrtps_c.c
[2.012s] -- Up-to-date: /home/aidan/GitHub/AidansRepo/TeensySwerve/install/tnsy_interfaces/local/lib/python3.10/dist-packages/tnsy_interfaces/_tnsy_interfaces_s.ep.rosidl_typesupport_c.c
[2.012s] -- Up-to-date: /home/aidan/GitHub/AidansRepo/TeensySwerve/install/tnsy_interfaces/local/lib/python3.10/dist-packages/tnsy_interfaces/__init__.py
[2.012s] -- Up-to-date: /home/aidan/GitHub/AidansRepo/TeensySwerve/install/tnsy_interfaces/local/lib/python3.10/dist-packages/tnsy_interfaces/msg
[2.013s] -- Up-to-date: /home/aidan/GitHub/AidansRepo/TeensySwerve/install/tnsy_interfaces/local/lib/python3.10/dist-packages/tnsy_interfaces/msg/_tnsy_controller.py
[2.014s] -- Up-to-date: /home/aidan/GitHub/AidansRepo/TeensySwerve/install/tnsy_interfaces/local/lib/python3.10/dist-packages/tnsy_interfaces/msg/__init__.py
[2.014s] -- Up-to-date: /home/aidan/GitHub/AidansRepo/TeensySwerve/install/tnsy_interfaces/local/lib/python3.10/dist-packages/tnsy_interfaces/msg/_tnsy_controller_s.c
[2.014s] -- Up-to-date: /home/aidan/GitHub/AidansRepo/TeensySwerve/install/tnsy_interfaces/local/lib/python3.10/dist-packages/tnsy_interfaces/tnsy_interfaces_s__rosidl_typesupport_c.cpython-310-x86_64-linux-gnu.so
[2.014s] -- Up-to-date: /home/aidan/GitHub/AidansRepo/TeensySwerve/install/tnsy_interfaces/local/lib/python3.10/dist-packages/tnsy_interfaces/libtnsy_interfaces__rosidl_generator_py.so
[2.014s] -- Up-to-date: /home/aidan/GitHub/AidansRepo/TeensySwerve/install/tnsy_interfaces/local/lib/python3.10/dist-packages/tnsy_interfaces/tnsy_interfaces_s__rosidl_typesupport_fastrtps_c.cpython-310-x86_64-linux-gnu.so
[2.016s] -- Up-to-date: /home/aidan/GitHub/AidansRepo/TeensySwerve/install/tnsy_interfaces/local/lib/python3.10/dist-packages/tnsy_interfaces/_tnsy_interfaces_s.ep.rosidl_typesupport_introspection_c.c
[2.018s] -- Up-to-date: /home/aidan/GitHub/AidansRepo/TeensySwerve/install/tnsy_interfaces/local/lib/python3.10/dist-packages/tnsy_interfaces/tnsy_interfaces_s__rosidl_typesupport_introspection_c.cpython-310-x86_64-linux-gnu.so
[2.157s] Listing '/home/aidan/GitHub/AidansRepo/TeensySwerve/install/tnsy_interfaces/local/lib/python3.10/dist-packages/tnsy_interfaces'...
[2.157s] Listing '/home/aidan/GitHub/AidansRepo/TeensySwerve/install/tnsy_interfaces/local/lib/python3.10/dist-packages/tnsy_interfaces/msg'...
[2.186s] -- Up-to-date: /home/aidan/GitHub/AidansRepo/TeensySwerve/install/tnsy_interfaces/local/lib/python3.10/dist-packages/tnsy_interfaces/tnsy_interfaces_s__rosidl_typesupport_fastrtps_c.cpython-310-x86_64-linux-gnu.so
[2.187s] -- Up-to-date: /home/aidan/GitHub/AidansRepo/TeensySwerve/install/tnsy_interfaces/local/lib/python3.10/dist-packages/tnsy_interfaces/tnsy_interfaces_s__rosidl_typesupport_introspection_c.cpython-310-x86_64-linux-gnu.so
[2.189s] -- Up-to-date: /home/aidan/GitHub/AidansRepo/TeensySwerve/install/tnsy_interfaces/local/lib/python3.10/dist-packages/tnsy_interfaces/tnsy_interfaces_s__rosidl_typesupport_c.cpython-310-x86_64-linux-gnu.so
[2.195s] -- Up-to-date: /home/aidan/GitHub/AidansRepo/TeensySwerve/install/tnsy_interfaces/lib/libtnsy_interfaces__rosidl_generator_py.so
[2.196s] -- Up-to-date: /home/aidan/GitHub/AidansRepo/TeensySwerve/install/tnsy_interfaces/share/tnsy_interfaces/msg/TnsyController.idl
[2.196s] -- Up-to-date: /home/aidan/GitHub/AidansRepo/TeensySwerve/install/tnsy_interfaces/share/tnsy_interfaces/msg/TnsyController.msg
[2.196s] -- Up-to-date: /home/aidan/GitHub/AidansRepo/TeensySwerve/install/tnsy_interfaces/share/ament_index/resource_index/package_run_dependencies/tnsy_interfaces
[2.199s] -- Up-to-date: /home/aidan/GitHub/AidansRepo/TeensySwerve/install/tnsy_interfaces/share/ament_index/resource_index/parent_prefix_path/tnsy_interfaces
[2.199s] -- Up-to-date: /home/aidan/GitHub/AidansRepo/TeensySwerve/install/tnsy_interfaces/share/tnsy_interfaces/environment/ament_prefix_path.sh
[2.199s] -- Up-to-date: /home/aidan/GitHub/AidansRepo/TeensySwerve/install/tnsy_interfaces/share/tnsy_interfaces/environment/ament_prefix_path.dsv
[2.200s] -- Up-to-date: /home/aidan/GitHub/AidansRepo/TeensySwerve/install/tnsy_interfaces/share/tnsy_interfaces/environment/path.sh
[2.200s] -- Up-to-date: /home/aidan/GitHub/AidansRepo/TeensySwerve/install/tnsy_interfaces/share/tnsy_interfaces/environment/path.dsv
[2.201s] -- Up-to-date: /home/aidan/GitHub/AidansRepo/TeensySwerve/install/tnsy_interfaces/share/tnsy_interfaces/local_setup.bash
[2.201s] -- Up-to-date: /home/aidan/GitHub/AidansRepo/TeensySwerve/install/tnsy_interfaces/share/tnsy_interfaces/local_setup.sh
[2.201s] -- Up-to-date: /home/aidan/GitHub/AidansRepo/TeensySwerve/install/tnsy_interfaces/share/tnsy_interfaces/local_setup.zsh
[2.201s] -- Up-to-date: /home/aidan/GitHub/AidansRepo/TeensySwerve/install/tnsy_interfaces/share/tnsy_interfaces/local_setup.dsv
[2.201s] -- Installing: /home/aidan/GitHub/AidansRepo/TeensySwerve/install/tnsy_interfaces/share/tnsy_interfaces/package.dsv
[2.202s] -- Up-to-date: /home/aidan/GitHub/AidansRepo/TeensySwerve/install/tnsy_interfaces/share/ament_index/resource_index/packages/tnsy_interfaces
[2.202s] -- Up-to-date: /home/aidan/GitHub/AidansRepo/TeensySwerve/install/tnsy_interfaces/share/tnsy_interfaces/cmake/export_tnsy_interfaces__rosidl_generator_cExport.cmake
[2.202s] -- Up-to-date: /home/aidan/GitHub/AidansRepo/TeensySwerve/install/tnsy_interfaces/share/tnsy_interfaces/cmake/export_tnsy_interfaces__rosidl_generator_cExport-noconfig.cmake
[2.202s] -- Up-to-date: /home/aidan/GitHub/AidansRepo/TeensySwerve/install/tnsy_interfaces/share/tnsy_interfaces/cmake/export_tnsy_interfaces__rosidl_typesupport_fastrtps_cExport.cmake
[2.203s] -- Up-to-date: /home/aidan/GitHub/AidansRepo/TeensySwerve/install/tnsy_interfaces/share/tnsy_interfaces/cmake/export_tnsy_interfaces__rosidl_typesupport_fastrtps_cExport-noconfig.cmake
[2.204s] -- Up-to-date: /home/aidan/GitHub/AidansRepo/TeensySwerve/install/tnsy_interfaces/share/tnsy_interfaces/cmake/tnsy_interfaces__rosidl_typesupport_introspection_cExport.cmake
[2.204s] -- Up-to-date: /home/aidan/GitHub/AidansRepo/TeensySwerve/install/tnsy_interfaces/share/tnsy_interfaces/cmake/tnsy_interfaces__rosidl_typesupport_introspection_cExport-noconfig.cmake
[2.204s] -- Up-to-date: /home/aidan/GitHub/AidansRepo/TeensySwerve/install/tnsy_interfaces/share/tnsy_interfaces/cmake/tnsy_interfaces__rosidl_typesupport_cExport.cmake
[2.204s] -- Up-to-date: /home/aidan/GitHub/AidansRepo/TeensySwerve/install/tnsy_interfaces/share/tnsy_interfaces/cmake/tnsy_interfaces__rosidl_typesupport_cExport-noconfig.cmake
[2.205s] -- Up-to-date: /home/aidan/GitHub/AidansRepo/TeensySwerve/install/tnsy_interfaces/share/tnsy_interfaces/cmake/export_tnsy_interfaces__rosidl_generator_cppExport.cmake
[2.205s] -- Up-to-date: /home/aidan/GitHub/AidansRepo/TeensySwerve/install/tnsy_interfaces/share/tnsy_interfaces/cmake/export_tnsy_interfaces__rosidl_typesupport_fastrtps_cppExport.cmake
[2.206s] -- Up-to-date: /home/aidan/GitHub/AidansRepo/TeensySwerve/install/tnsy_interfaces/share/tnsy_interfaces/cmake/export_tnsy_interfaces__rosidl_typesupport_fastrtps_cppExport-noconfig.cmake
[2.206s] -- Up-to-date: /home/aidan/GitHub/AidansRepo/TeensySwerve/install/tnsy_interfaces/share/tnsy_interfaces/cmake/tnsy_interfaces__rosidl_typesupport_introspection_cppExport.cmake
[2.206s] -- Up-to-date: /home/aidan/GitHub/AidansRepo/TeensySwerve/install/tnsy_interfaces/share/tnsy_interfaces/cmake/tnsy_interfaces__rosidl_typesupport_introspection_cppExport-noconfig.cmake
[2.208s] -- Up-to-date: /home/aidan/GitHub/AidansRepo/TeensySwerve/install/tnsy_interfaces/share/tnsy_interfaces/cmake/tnsy_interfaces__rosidl_typesupport_cppExport.cmake
[2.208s] -- Up-to-date: /home/aidan/GitHub/AidansRepo/TeensySwerve/install/tnsy_interfaces/share/tnsy_interfaces/cmake/tnsy_interfaces__rosidl_typesupport_cppExport-noconfig.cmake
[2.209s] -- Up-to-date: /home/aidan/GitHub/AidansRepo/TeensySwerve/install/tnsy_interfaces/share/tnsy_interfaces/cmake/export_tnsy_interfaces__rosidl_generator_pyExport.cmake
[2.210s] -- Up-to-date: /home/aidan/GitHub/AidansRepo/TeensySwerve/install/tnsy_interfaces/share/tnsy_interfaces/cmake/export_tnsy_interfaces__rosidl_generator_pyExport-noconfig.cmake
[2.212s] -- Up-to-date: /home/aidan/GitHub/AidansRepo/TeensySwerve/install/tnsy_interfaces/share/tnsy_interfaces/cmake/rosidl_cmake-extras.cmake
[2.212s] -- Up-to-date: /home/aidan/GitHub/AidansRepo/TeensySwerve/install/tnsy_interfaces/share/tnsy_interfaces/cmake/ament_cmake_export_include_directories-extras.cmake
[2.213s] -- Up-to-date: /home/aidan/GitHub/AidansRepo/TeensySwerve/install/tnsy_interfaces/share/tnsy_interfaces/cmake/ament_cmake_export_libraries-extras.cmake
[2.214s] -- Up-to-date: /home/aidan/GitHub/AidansRepo/TeensySwerve/install/tnsy_interfaces/share/tnsy_interfaces/cmake/ament_cmake_export_targets-extras.cmake
[2.215s] -- Up-to-date: /home/aidan/GitHub/AidansRepo/TeensySwerve/install/tnsy_interfaces/share/tnsy_interfaces/cmake/rosidl_cmake_export_typesupport_targets-extras.cmake
[2.215s] -- Up-to-date: /home/aidan/GitHub/AidansRepo/TeensySwerve/install/tnsy_interfaces/share/tnsy_interfaces/cmake/ament_cmake_export_dependencies-extras.cmake
[2.215s] -- Up-to-date: /home/aidan/GitHub/AidansRepo/TeensySwerve/install/tnsy_interfaces/share/tnsy_interfaces/cmake/rosidl_cmake_export_typesupport_libraries-extras.cmake
[2.220s] -- Up-to-date: /home/aidan/GitHub/AidansRepo/TeensySwerve/install/tnsy_interfaces/share/tnsy_interfaces/cmake/tnsy_interfacesConfig.cmake
[2.220s] -- Up-to-date: /home/aidan/GitHub/AidansRepo/TeensySwerve/install/tnsy_interfaces/share/tnsy_interfaces/cmake/tnsy_interfacesConfig-version.cmake
[2.220s] -- Up-to-date: /home/aidan/GitHub/AidansRepo/TeensySwerve/install/tnsy_interfaces/share/tnsy_interfaces/package.xml
[2.224s] Invoked command in '/home/aidan/GitHub/AidansRepo/TeensySwerve/build/tnsy_interfaces' returned '0': CMAKE_PREFIX_PATH=${CMAKE_PREFIX_PATH}:/home/aidan/GitHub/AidansRepo/TeensySwerve/install/tnsy_swrv_controller:/opt/ros/humble /usr/bin/cmake --install /home/aidan/GitHub/AidansRepo/TeensySwerve/build/tnsy_interfaces
